Archive member included to satisfy reference by file (symbol)

/Applications/ARM/bin/../lib/gcc/arm-none-eabi/11.2.1/../../../../arm-none-eabi/lib/thumb/v7e-m+fp/hard/libc_nano.a(lib_a-exit.o)
                              /Applications/ARM/bin/../lib/gcc/arm-none-eabi/11.2.1/../../../../arm-none-eabi/lib/thumb/v7e-m+fp/hard/crt0.o (exit)
/Applications/ARM/bin/../lib/gcc/arm-none-eabi/11.2.1/../../../../arm-none-eabi/lib/thumb/v7e-m+fp/hard/libc_nano.a(lib_a-impure.o)
                              /Applications/ARM/bin/../lib/gcc/arm-none-eabi/11.2.1/../../../../arm-none-eabi/lib/thumb/v7e-m+fp/hard/libc_nano.a(lib_a-exit.o) (_global_impure_ptr)
/Applications/ARM/bin/../lib/gcc/arm-none-eabi/11.2.1/../../../../arm-none-eabi/lib/thumb/v7e-m+fp/hard/libc_nano.a(lib_a-init.o)
                              /Applications/ARM/bin/../lib/gcc/arm-none-eabi/11.2.1/../../../../arm-none-eabi/lib/thumb/v7e-m+fp/hard/crt0.o (__libc_init_array)
/Applications/ARM/bin/../lib/gcc/arm-none-eabi/11.2.1/../../../../arm-none-eabi/lib/thumb/v7e-m+fp/hard/libc_nano.a(lib_a-malloc.o)
                              build/usbd_midi.o (malloc)
/Applications/ARM/bin/../lib/gcc/arm-none-eabi/11.2.1/../../../../arm-none-eabi/lib/thumb/v7e-m+fp/hard/libc_nano.a(lib_a-memcpy-stub.o)
                              build/usbd_midi.o (memcpy)
/Applications/ARM/bin/../lib/gcc/arm-none-eabi/11.2.1/../../../../arm-none-eabi/lib/thumb/v7e-m+fp/hard/libc_nano.a(lib_a-memset.o)
                              /Applications/ARM/bin/../lib/gcc/arm-none-eabi/11.2.1/../../../../arm-none-eabi/lib/thumb/v7e-m+fp/hard/crt0.o (memset)
/Applications/ARM/bin/../lib/gcc/arm-none-eabi/11.2.1/../../../../arm-none-eabi/lib/thumb/v7e-m+fp/hard/libc_nano.a(lib_a-nano-freer.o)
                              /Applications/ARM/bin/../lib/gcc/arm-none-eabi/11.2.1/../../../../arm-none-eabi/lib/thumb/v7e-m+fp/hard/libc_nano.a(lib_a-malloc.o) (_free_r)
/Applications/ARM/bin/../lib/gcc/arm-none-eabi/11.2.1/../../../../arm-none-eabi/lib/thumb/v7e-m+fp/hard/libc_nano.a(lib_a-nano-mallocr.o)
                              /Applications/ARM/bin/../lib/gcc/arm-none-eabi/11.2.1/../../../../arm-none-eabi/lib/thumb/v7e-m+fp/hard/libc_nano.a(lib_a-malloc.o) (_malloc_r)
/Applications/ARM/bin/../lib/gcc/arm-none-eabi/11.2.1/../../../../arm-none-eabi/lib/thumb/v7e-m+fp/hard/libc_nano.a(lib_a-sbrkr.o)
                              /Applications/ARM/bin/../lib/gcc/arm-none-eabi/11.2.1/../../../../arm-none-eabi/lib/thumb/v7e-m+fp/hard/libc_nano.a(lib_a-nano-mallocr.o) (_sbrk_r)
/Applications/ARM/bin/../lib/gcc/arm-none-eabi/11.2.1/../../../../arm-none-eabi/lib/thumb/v7e-m+fp/hard/libc_nano.a(lib_a-mlock.o)
                              /Applications/ARM/bin/../lib/gcc/arm-none-eabi/11.2.1/../../../../arm-none-eabi/lib/thumb/v7e-m+fp/hard/libc_nano.a(lib_a-nano-freer.o) (__malloc_lock)
/Applications/ARM/bin/../lib/gcc/arm-none-eabi/11.2.1/../../../../arm-none-eabi/lib/thumb/v7e-m+fp/hard/libc_nano.a(lib_a-reent.o)
                              /Applications/ARM/bin/../lib/gcc/arm-none-eabi/11.2.1/../../../../arm-none-eabi/lib/thumb/v7e-m+fp/hard/libc_nano.a(lib_a-sbrkr.o) (errno)
/Applications/ARM/bin/../lib/gcc/arm-none-eabi/11.2.1/../../../../arm-none-eabi/lib/thumb/v7e-m+fp/hard/libnosys.a(sbrk.o)
                              /Applications/ARM/bin/../lib/gcc/arm-none-eabi/11.2.1/../../../../arm-none-eabi/lib/thumb/v7e-m+fp/hard/libc_nano.a(lib_a-sbrkr.o) (_sbrk)
/Applications/ARM/bin/../lib/gcc/arm-none-eabi/11.2.1/../../../../arm-none-eabi/lib/thumb/v7e-m+fp/hard/libnosys.a(_exit.o)
                              /Applications/ARM/bin/../lib/gcc/arm-none-eabi/11.2.1/../../../../arm-none-eabi/lib/thumb/v7e-m+fp/hard/libc_nano.a(lib_a-exit.o) (_exit)
/Applications/ARM/bin/../lib/gcc/arm-none-eabi/11.2.1/thumb/v7e-m+fp/hard/libgcc.a(_aeabi_uldivmod.o)
                              build/stm32f4xx_hal_rcc.o (__aeabi_uldivmod)
/Applications/ARM/bin/../lib/gcc/arm-none-eabi/11.2.1/thumb/v7e-m+fp/hard/libgcc.a(_udivmoddi4.o)
                              /Applications/ARM/bin/../lib/gcc/arm-none-eabi/11.2.1/thumb/v7e-m+fp/hard/libgcc.a(_aeabi_uldivmod.o) (__udivmoddi4)
/Applications/ARM/bin/../lib/gcc/arm-none-eabi/11.2.1/thumb/v7e-m+fp/hard/libgcc.a(_dvmd_tls.o)
                              /Applications/ARM/bin/../lib/gcc/arm-none-eabi/11.2.1/thumb/v7e-m+fp/hard/libgcc.a(_aeabi_uldivmod.o) (__aeabi_ldiv0)

Discarded input sections

 .text          0x0000000000000000        0x0 /Applications/ARM/bin/../lib/gcc/arm-none-eabi/11.2.1/thumb/v7e-m+fp/hard/crti.o
 .data          0x0000000000000000        0x0 /Applications/ARM/bin/../lib/gcc/arm-none-eabi/11.2.1/thumb/v7e-m+fp/hard/crti.o
 .bss           0x0000000000000000        0x0 /Applications/ARM/bin/../lib/gcc/arm-none-eabi/11.2.1/thumb/v7e-m+fp/hard/crti.o
 .text          0x0000000000000000        0x0 /Applications/ARM/bin/../lib/gcc/arm-none-eabi/11.2.1/thumb/v7e-m+fp/hard/crtbegin.o
[...]
Memory Configuration

Name             Origin             Length             Attributes
RAM              0x0000000020000000 0x0000000000020000 xrw
FLASH            0x0000000008000000 0x0000000000080000 xr
*default*        0x0000000000000000 0xffffffffffffffff

Linker script and memory map

LOAD /Applications/ARM/bin/../lib/gcc/arm-none-eabi/11.2.1/thumb/v7e-m+fp/hard/crti.o
LOAD /Applications/ARM/bin/../lib/gcc/arm-none-eabi/11.2.1/thumb/v7e-m+fp/hard/crtbegin.o
LOAD /Applications/ARM/bin/../lib/gcc/arm-none-eabi/11.2.1/../../../../arm-none-eabi/lib/thumb/v7e-m+fp/hard/crt0.o
LOAD build/main.o
LOAD build/gpio.o
LOAD build/stm32f4xx_it.o
LOAD build/stm32f4xx_hal_msp.o
LOAD build/stm32f4xx_hal_pcd.o
LOAD build/stm32f4xx_hal_pcd_ex.o
LOAD build/stm32f4xx_ll_usb.o
LOAD build/stm32f4xx_hal_rcc.o
LOAD build/stm32f4xx_hal_rcc_ex.o
LOAD build/stm32f4xx_hal_flash.o
LOAD build/stm32f4xx_hal_flash_ex.o
LOAD build/stm32f4xx_hal_flash_ramfunc.o
LOAD build/stm32f4xx_hal_gpio.o
LOAD build/stm32f4xx_hal_dma_ex.o
LOAD build/stm32f4xx_hal_dma.o
LOAD build/stm32f4xx_hal_pwr.o
LOAD build/stm32f4xx_hal_pwr_ex.o
LOAD build/stm32f4xx_hal_cortex.o
LOAD build/stm32f4xx_hal.o
LOAD build/stm32f4xx_hal_exti.o
LOAD build/stm32f4xx_hal_tim.o
LOAD build/stm32f4xx_hal_tim_ex.o
LOAD build/system_stm32f4xx.o
LOAD build/usbd_core.o
LOAD build/usbd_ctlreq.o
LOAD build/usbd_ioreq.o
LOAD build/usbd_midi.o
LOAD build/usbd_midi_if.o
LOAD build/usb_device.o
LOAD build/usbd_conf.o
LOAD build/usbd_desc.o
LOAD build/startup_stm32f411xe.o
LOAD /Applications/ARM/bin/../lib/gcc/arm-none-eabi/11.2.1/../../../../arm-none-eabi/lib/thumb/v7e-m+fp/hard/libc_nano.a
LOAD /Applications/ARM/bin/../lib/gcc/arm-none-eabi/11.2.1/../../../../arm-none-eabi/lib/thumb/v7e-m+fp/hard/libm.a
LOAD /Applications/ARM/bin/../lib/gcc/arm-none-eabi/11.2.1/../../../../arm-none-eabi/lib/thumb/v7e-m+fp/hard/libnosys.a
START GROUP
LOAD /Applications/ARM/bin/../lib/gcc/arm-none-eabi/11.2.1/thumb/v7e-m+fp/hard/libgcc.a
LOAD /Applications/ARM/bin/../lib/gcc/arm-none-eabi/11.2.1/../../../../arm-none-eabi/lib/thumb/v7e-m+fp/hard/libc_nano.a
END GROUP
START GROUP
LOAD /Applications/ARM/bin/../lib/gcc/arm-none-eabi/11.2.1/thumb/v7e-m+fp/hard/libgcc.a
LOAD /Applications/ARM/bin/../lib/gcc/arm-none-eabi/11.2.1/../../../../arm-none-eabi/lib/thumb/v7e-m+fp/hard/libc_nano.a
END GROUP
LOAD /Applications/ARM/bin/../lib/gcc/arm-none-eabi/11.2.1/thumb/v7e-m+fp/hard/crtend.o
LOAD /Applications/ARM/bin/../lib/gcc/arm-none-eabi/11.2.1/thumb/v7e-m+fp/hard/crtn.o
                0x0000000020020000                _estack = 0x20020000
                0x0000000000000200                _Min_Heap_Size = 0x200
                0x0000000000000400                _Min_Stack_Size = 0x400

.isr_vector     0x0000000008000000      0x198
                0x0000000008000000                . = ALIGN (0x4)
 *(.isr_vector)
 .isr_vector    0x0000000008000000      0x198 build/startup_stm32f411xe.o
                0x0000000008000000                g_pfnVectors
                0x0000000008000198                . = ALIGN (0x4)

.text           0x0000000008000198     0x3970
                0x0000000008000198                . = ALIGN (0x4)
 *(.text)
 .text          0x0000000008000198       0x30 /Applications/ARM/bin/../lib/gcc/arm-none-eabi/11.2.1/thumb/v7e-m+fp/hard/libgcc.a(_aeabi_uldivmod.o)
                0x0000000008000198                __aeabi_uldivmod
 .text          0x00000000080001c8        0x4 /Applications/ARM/bin/../lib/gcc/arm-none-eabi/11.2.1/thumb/v7e-m+fp/hard/libgcc.a(_dvmd_tls.o)
                0x00000000080001c8                __aeabi_ldiv0
                0x00000000080001c8                __aeabi_idiv0
 *(.text*)
 .text.deregister_tm_clones
                0x00000000080001cc       0x1c /Applications/ARM/bin/../lib/gcc/arm-none-eabi/11.2.1/thumb/v7e-m+fp/hard/crtbegin.o
 .text.register_tm_clones
                0x00000000080001e8       0x24 /Applications/ARM/bin/../lib/gcc/arm-none-eabi/11.2.1/thumb/v7e-m+fp/hard/crtbegin.o
 .text.__do_global_dtors_aux
                0x000000000800020c       0x28 /Applications/ARM/bin/../lib/gcc/arm-none-eabi/11.2.1/thumb/v7e-m+fp/hard/crtbegin.o
 .text.frame_dummy
                0x0000000008000234       0x24 /Applications/ARM/bin/../lib/gcc/arm-none-eabi/11.2.1/thumb/v7e-m+fp/hard/crtbegin.o
 .text.reset_USB
                0x0000000008000258       0x44 build/main.o
                0x0000000008000258                reset_USB
 .text.reset_to_bootloader
                0x000000000800029c       0x3c build/main.o
                0x000000000800029c                reset_to_bootloader
 .text.Error_Handler
                0x00000000080002d8        0x4 build/main.o
                0x00000000080002d8                Error_Handler
 .text.SystemClock_Config
                0x00000000080002dc       0xa4 build/main.o
                0x00000000080002dc                SystemClock_Config
 .text.main     0x0000000008000380       0x42 build/main.o
                0x0000000008000380                main
 *fill*         0x00000000080003c2        0x2 
 .text.MX_GPIO_Init
                0x00000000080003c4       0x38 build/gpio.o
                0x00000000080003c4                MX_GPIO_Init
 .text.NMI_Handler
                0x00000000080003fc        0x2 build/stm32f4xx_it.o
                0x00000000080003fc                NMI_Handler
 .text.HardFault_Handler
                0x00000000080003fe        0x2 build/stm32f4xx_it.o
                0x00000000080003fe                HardFault_Handler
 .text.MemManage_Handler
                0x0000000008000400        0x2 build/stm32f4xx_it.o
                0x0000000008000400                MemManage_Handler
 .text.BusFault_Handler
                0x0000000008000402        0x2 build/stm32f4xx_it.o
                0x0000000008000402                BusFault_Handler
 .text.UsageFault_Handler
                0x0000000008000404        0x2 build/stm32f4xx_it.o
                0x0000000008000404                UsageFault_Handler
 .text.SVC_Handler
                0x0000000008000406        0x2 build/stm32f4xx_it.o
                0x0000000008000406                SVC_Handler
 .text.DebugMon_Handler
                0x0000000008000408        0x2 build/stm32f4xx_it.o
                0x0000000008000408                DebugMon_Handler
 .text.PendSV_Handler
                0x000000000800040a        0x2 build/stm32f4xx_it.o
                0x000000000800040a                PendSV_Handler
 .text.SysTick_Handler
                0x000000000800040c        0x8 build/stm32f4xx_it.o
                0x000000000800040c                SysTick_Handler
 .text.OTG_FS_IRQHandler
                0x0000000008000414       0x10 build/stm32f4xx_it.o
                0x0000000008000414                OTG_FS_IRQHandler
 .text.HAL_MspInit
                0x0000000008000424       0x38 build/stm32f4xx_hal_msp.o
                0x0000000008000424                HAL_MspInit
 .text.PCD_WriteEmptyTxFifo
                0x000000000800045c       0xd0 build/stm32f4xx_hal_pcd.o
 .text.HAL_PCD_Init
                0x000000000800052c      0x12e build/stm32f4xx_hal_pcd.o
                0x000000000800052c                HAL_PCD_Init
 .text.HAL_PCD_Start
                0x000000000800065a       0x42 build/stm32f4xx_hal_pcd.o
                0x000000000800065a                HAL_PCD_Start
 .text.PCD_EP_OutXfrComplete_int
                0x000000000800069c       0xf4 build/stm32f4xx_hal_pcd.o
 .text.PCD_EP_OutSetupPacket_int
                0x0000000008000790       0x50 build/stm32f4xx_hal_pcd.o
 .text.HAL_PCD_IRQHandler
                0x00000000080007e0      0x476 build/stm32f4xx_hal_pcd.o
                0x00000000080007e0                HAL_PCD_IRQHandler
 .text.HAL_PCD_SetAddress
                0x0000000008000c56       0x28 build/stm32f4xx_hal_pcd.o
                0x0000000008000c56                HAL_PCD_SetAddress
 .text.HAL_PCD_EP_Open
                0x0000000008000c7e       0x8a build/stm32f4xx_hal_pcd.o
                0x0000000008000c7e                HAL_PCD_EP_Open
 .text.HAL_PCD_EP_Close
                0x0000000008000d08       0x72 build/stm32f4xx_hal_pcd.o
                0x0000000008000d08                HAL_PCD_EP_Close
 .text.HAL_PCD_EP_Receive
                0x0000000008000d7a       0x5e build/stm32f4xx_hal_pcd.o
                0x0000000008000d7a                HAL_PCD_EP_Receive
 .text.HAL_PCD_EP_GetRxCount
                0x0000000008000dd8       0x12 build/stm32f4xx_hal_pcd.o
                0x0000000008000dd8                HAL_PCD_EP_GetRxCount
 .text.HAL_PCD_EP_Transmit
                0x0000000008000dea       0x5e build/stm32f4xx_hal_pcd.o
                0x0000000008000dea                HAL_PCD_EP_Transmit
 .text.HAL_PCD_EP_SetStall
                0x0000000008000e48       0x88 build/stm32f4xx_hal_pcd.o
                0x0000000008000e48                HAL_PCD_EP_SetStall
 .text.HAL_PCD_EP_ClrStall
                0x0000000008000ed0       0x76 build/stm32f4xx_hal_pcd.o
                0x0000000008000ed0                HAL_PCD_EP_ClrStall
 .text.HAL_PCDEx_SetTxFiFo
                0x0000000008000f46       0x4c build/stm32f4xx_hal_pcd_ex.o
                0x0000000008000f46                HAL_PCDEx_SetTxFiFo
 .text.HAL_PCDEx_SetRxFiFo
                0x0000000008000f92        0x8 build/stm32f4xx_hal_pcd_ex.o
                0x0000000008000f92                HAL_PCDEx_SetRxFiFo
 .text.HAL_PCDEx_LPM_Callback
                0x0000000008000f9a        0x2 build/stm32f4xx_hal_pcd_ex.o
                0x0000000008000f9a                HAL_PCDEx_LPM_Callback
 .text.USB_CoreReset
                0x0000000008000f9c       0x4c build/stm32f4xx_ll_usb.o
 .text.USB_CoreInit
                0x0000000008000fe8       0x8a build/stm32f4xx_ll_usb.o
                0x0000000008000fe8                USB_CoreInit
 *fill*         0x0000000008001072        0x2 
 .text.USB_SetTurnaroundTime
                0x0000000008001074       0xe4 build/stm32f4xx_ll_usb.o
                0x0000000008001074                USB_SetTurnaroundTime
 .text.USB_EnableGlobalInt
                0x0000000008001158        0xc build/stm32f4xx_ll_usb.o
                0x0000000008001158                USB_EnableGlobalInt
 .text.USB_DisableGlobalInt
                0x0000000008001164        0xc build/stm32f4xx_ll_usb.o
                0x0000000008001164                USB_DisableGlobalInt
 .text.USB_FlushTxFifo
                0x0000000008001170       0x30 build/stm32f4xx_ll_usb.o
                0x0000000008001170                USB_FlushTxFifo
 .text.USB_FlushRxFifo
                0x00000000080011a0       0x2c build/stm32f4xx_ll_usb.o
                0x00000000080011a0                USB_FlushRxFifo
 .text.USB_SetDevSpeed
                0x00000000080011cc        0xe build/stm32f4xx_ll_usb.o
                0x00000000080011cc                USB_SetDevSpeed
 *fill*         0x00000000080011da        0x2 
 .text.USB_DevInit
                0x00000000080011dc      0x190 build/stm32f4xx_ll_usb.o
                0x00000000080011dc                USB_DevInit
 .text.USB_GetDevSpeed
                0x000000000800136c       0x22 build/stm32f4xx_ll_usb.o
                0x000000000800136c                USB_GetDevSpeed
 .text.USB_ActivateEndpoint
                0x000000000800138e       0x9a build/stm32f4xx_ll_usb.o
                0x000000000800138e                USB_ActivateEndpoint
 .text.USB_DeactivateEndpoint
                0x0000000008001428       0xe0 build/stm32f4xx_ll_usb.o
                0x0000000008001428                USB_DeactivateEndpoint
 .text.USB_EP0StartXfer
                0x0000000008001508      0x120 build/stm32f4xx_ll_usb.o
                0x0000000008001508                USB_EP0StartXfer
 .text.USB_WritePacket
                0x0000000008001628       0x2e build/stm32f4xx_ll_usb.o
                0x0000000008001628                USB_WritePacket
 *fill*         0x0000000008001656        0x2 
 .text.USB_EPStartXfer
                0x0000000008001658      0x238 build/stm32f4xx_ll_usb.o
                0x0000000008001658                USB_EPStartXfer
 .text.USB_ReadPacket
                0x0000000008001890       0x46 build/stm32f4xx_ll_usb.o
                0x0000000008001890                USB_ReadPacket
 .text.USB_EPSetStall
                0x00000000080018d6       0x5a build/stm32f4xx_ll_usb.o
                0x00000000080018d6                USB_EPSetStall
 .text.USB_EPClearStall
                0x0000000008001930       0x5c build/stm32f4xx_ll_usb.o
                0x0000000008001930                USB_EPClearStall
 .text.USB_SetDevAddress
                0x000000000800198c       0x20 build/stm32f4xx_ll_usb.o
                0x000000000800198c                USB_SetDevAddress
 .text.USB_DevConnect
                0x00000000080019ac       0x1c build/stm32f4xx_ll_usb.o
                0x00000000080019ac                USB_DevConnect
 .text.USB_DevDisconnect
                0x00000000080019c8       0x1c build/stm32f4xx_ll_usb.o
                0x00000000080019c8                USB_DevDisconnect
 .text.USB_ReadInterrupts
                0x00000000080019e4        0x8 build/stm32f4xx_ll_usb.o
                0x00000000080019e4                USB_ReadInterrupts
 .text.USB_ReadDevAllOutEpInterrupt
                0x00000000080019ec       0x10 build/stm32f4xx_ll_usb.o
                0x00000000080019ec                USB_ReadDevAllOutEpInterrupt
 .text.USB_ReadDevAllInEpInterrupt
                0x00000000080019fc       0x10 build/stm32f4xx_ll_usb.o
                0x00000000080019fc                USB_ReadDevAllInEpInterrupt
 .text.USB_ReadDevOutEPInterrupt
                0x0000000008001a0c       0x12 build/stm32f4xx_ll_usb.o
                0x0000000008001a0c                USB_ReadDevOutEPInterrupt
 .text.USB_ReadDevInEPInterrupt
                0x0000000008001a1e       0x24 build/stm32f4xx_ll_usb.o
                0x0000000008001a1e                USB_ReadDevInEPInterrupt
 .text.USB_GetMode
                0x0000000008001a42        0x8 build/stm32f4xx_ll_usb.o
                0x0000000008001a42                USB_GetMode
 .text.USB_SetCurrentMode
                0x0000000008001a4a       0x62 build/stm32f4xx_ll_usb.o
                0x0000000008001a4a                USB_SetCurrentMode
 .text.USB_ActivateSetup
                0x0000000008001aac       0x20 build/stm32f4xx_ll_usb.o
                0x0000000008001aac                USB_ActivateSetup
 .text.USB_EP0_OutStart
                0x0000000008001acc       0x60 build/stm32f4xx_ll_usb.o
                0x0000000008001acc                USB_EP0_OutStart
 .text.HAL_RCC_OscConfig
                0x0000000008001b2c      0x3f8 build/stm32f4xx_hal_rcc.o
                0x0000000008001b2c                HAL_RCC_OscConfig
 .text.HAL_RCC_GetSysClockFreq
                0x0000000008001f24       0xa8 build/stm32f4xx_hal_rcc.o
                0x0000000008001f24                HAL_RCC_GetSysClockFreq
 .text.HAL_RCC_ClockConfig
                0x0000000008001fcc      0x160 build/stm32f4xx_hal_rcc.o
                0x0000000008001fcc                HAL_RCC_ClockConfig
 .text.HAL_RCC_GetHCLKFreq
                0x000000000800212c        0xc build/stm32f4xx_hal_rcc.o
                0x000000000800212c                HAL_RCC_GetHCLKFreq
 .text.HAL_RCC_DeInit
                0x0000000008002138      0x13c build/stm32f4xx_hal_rcc_ex.o
                0x0000000008002138                HAL_RCC_DeInit
 .text.HAL_GPIO_Init
                0x0000000008002274      0x1c8 build/stm32f4xx_hal_gpio.o
                0x0000000008002274                HAL_GPIO_Init
 .text.HAL_GPIO_WritePin
                0x000000000800243c        0xc build/stm32f4xx_hal_gpio.o
                0x000000000800243c                HAL_GPIO_WritePin
 .text.HAL_NVIC_SetPriorityGrouping
                0x0000000008002448       0x24 build/stm32f4xx_hal_cortex.o
                0x0000000008002448                HAL_NVIC_SetPriorityGrouping
 .text.HAL_NVIC_SetPriority
                0x000000000800246c       0x70 build/stm32f4xx_hal_cortex.o
                0x000000000800246c                HAL_NVIC_SetPriority
 .text.HAL_NVIC_EnableIRQ
                0x00000000080024dc       0x1c build/stm32f4xx_hal_cortex.o
                0x00000000080024dc                HAL_NVIC_EnableIRQ
 .text.HAL_SYSTICK_Config
                0x00000000080024f8       0x28 build/stm32f4xx_hal_cortex.o
                0x00000000080024f8                HAL_SYSTICK_Config
 .text.HAL_InitTick
                0x0000000008002520       0x4c build/stm32f4xx_hal.o
                0x0000000008002520                HAL_InitTick
 .text.HAL_Init
                0x000000000800256c       0x34 build/stm32f4xx_hal.o
                0x000000000800256c                HAL_Init
 .text.HAL_IncTick
                0x00000000080025a0       0x18 build/stm32f4xx_hal.o
                0x00000000080025a0                HAL_IncTick
 .text.HAL_GetTick
                0x00000000080025b8        0xc build/stm32f4xx_hal.o
                0x00000000080025b8                HAL_GetTick
 .text.HAL_Delay
                0x00000000080025c4       0x28 build/stm32f4xx_hal.o
                0x00000000080025c4                HAL_Delay
 .text.SystemInit
                0x00000000080025ec       0x14 build/system_stm32f4xx.o
                0x00000000080025ec                SystemInit
 .text.USBD_Init
                0x0000000008002600       0x2e build/usbd_core.o
                0x0000000008002600                USBD_Init
 .text.USBD_RegisterClass
                0x000000000800262e        0xe build/usbd_core.o
                0x000000000800262e                USBD_RegisterClass
 .text.USBD_Start
                0x000000000800263c        0xa build/usbd_core.o
                0x000000000800263c                USBD_Start
 .text.USBD_SetClassConfig
                0x0000000008002646       0x18 build/usbd_core.o
                0x0000000008002646                USBD_SetClassConfig
 .text.USBD_ClrClassConfig
                0x000000000800265e        0xe build/usbd_core.o
                0x000000000800265e                USBD_ClrClassConfig
 .text.USBD_LL_SetupStage
                0x000000000800266c       0x5a build/usbd_core.o
                0x000000000800266c                USBD_LL_SetupStage
 .text.USBD_LL_DataOutStage
                0x00000000080026c6       0x8c build/usbd_core.o
                0x00000000080026c6                USBD_LL_DataOutStage
 .text.USBD_LL_DataInStage
                0x0000000008002752       0xd0 build/usbd_core.o
                0x0000000008002752                USBD_LL_DataInStage
 .text.USBD_LL_Reset
                0x0000000008002822       0x50 build/usbd_core.o
                0x0000000008002822                USBD_LL_Reset
 .text.USBD_LL_SetSpeed
                0x0000000008002872        0x6 build/usbd_core.o
                0x0000000008002872                USBD_LL_SetSpeed
 .text.USBD_LL_Suspend
                0x0000000008002878       0x12 build/usbd_core.o
                0x0000000008002878                USBD_LL_Suspend
 .text.USBD_LL_Resume
                0x000000000800288a        0xc build/usbd_core.o
                0x000000000800288a                USBD_LL_Resume
 .text.USBD_LL_SOF
                0x0000000008002896       0x1c build/usbd_core.o
                0x0000000008002896                USBD_LL_SOF
 .text.USBD_LL_IsoINIncomplete
                0x00000000080028b2        0x4 build/usbd_core.o
                0x00000000080028b2                USBD_LL_IsoINIncomplete
 .text.USBD_LL_IsoOUTIncomplete
                0x00000000080028b6        0x4 build/usbd_core.o
                0x00000000080028b6                USBD_LL_IsoOUTIncomplete
 .text.USBD_LL_DevConnected
                0x00000000080028ba        0x4 build/usbd_core.o
                0x00000000080028ba                USBD_LL_DevConnected
 .text.USBD_LL_DevDisconnected
                0x00000000080028be       0x16 build/usbd_core.o
                0x00000000080028be                USBD_LL_DevDisconnected
 .text.USBD_GetLen
                0x00000000080028d4       0x14 build/usbd_ctlreq.o
 .text.USBD_SetFeature
                0x00000000080028e8       0x14 build/usbd_ctlreq.o
 .text.USBD_ParseSetupRequest
                0x00000000080028fc       0x28 build/usbd_ctlreq.o
                0x00000000080028fc                USBD_ParseSetupRequest
 .text.USBD_CtlError
                0x0000000008002924       0x14 build/usbd_ctlreq.o
                0x0000000008002924                USBD_CtlError
 .text.USBD_GetDescriptor
                0x0000000008002938      0x140 build/usbd_ctlreq.o
 .text.USBD_SetAddress
                0x0000000008002a78       0x4e build/usbd_ctlreq.o
 *fill*         0x0000000008002ac6        0x2 
 .text.USBD_SetConfig
                0x0000000008002ac8       0xb0 build/usbd_ctlreq.o
 .text.USBD_GetConfig
                0x0000000008002b78       0x3e build/usbd_ctlreq.o
 .text.USBD_GetStatus
                0x0000000008002bb6       0x38 build/usbd_ctlreq.o
 .text.USBD_ClrFeature
                0x0000000008002bee       0x26 build/usbd_ctlreq.o
 .text.USBD_StdDevReq
                0x0000000008002c14       0x68 build/usbd_ctlreq.o
                0x0000000008002c14                USBD_StdDevReq
 .text.USBD_StdItfReq
                0x0000000008002c7c       0x60 build/usbd_ctlreq.o
                0x0000000008002c7c                USBD_StdItfReq
 .text.USBD_StdEPReq
                0x0000000008002cdc      0x1de build/usbd_ctlreq.o
                0x0000000008002cdc                USBD_StdEPReq
 .text.USBD_GetString
                0x0000000008002eba       0x3a build/usbd_ctlreq.o
                0x0000000008002eba                USBD_GetString
 .text.USBD_CtlSendData
                0x0000000008002ef4       0x1a build/usbd_ioreq.o
                0x0000000008002ef4                USBD_CtlSendData
 .text.USBD_CtlContinueSendData
                0x0000000008002f0e       0x10 build/usbd_ioreq.o
                0x0000000008002f0e                USBD_CtlContinueSendData
 .text.USBD_CtlContinueRx
                0x0000000008002f1e       0x10 build/usbd_ioreq.o
                0x0000000008002f1e                USBD_CtlContinueRx
 .text.USBD_CtlSendStatus
                0x0000000008002f2e       0x16 build/usbd_ioreq.o
                0x0000000008002f2e                USBD_CtlSendStatus
 .text.USBD_CtlReceiveStatus
                0x0000000008002f44       0x16 build/usbd_ioreq.o
                0x0000000008002f44                USBD_CtlReceiveStatus
 .text.USBD_MIDI_Setup
                0x0000000008002f5a        0x4 build/usbd_midi.o
 *fill*         0x0000000008002f5e        0x2 
 .text.USBD_MIDI_GetCfgDesc
                0x0000000008002f60        0xc build/usbd_midi.o
 .text.USBD_MIDI_DataIn
                0x0000000008002f6c        0xc build/usbd_midi.o
 .text.USBD_MIDI_EP0_RxReady
                0x0000000008002f78        0x4 build/usbd_midi.o
 .text.USBD_MIDI_EP0_TxReady
                0x0000000008002f7c        0x4 build/usbd_midi.o
 .text.USBD_MIDI_SOF
                0x0000000008002f80        0x4 build/usbd_midi.o
 .text.USBD_MIDI_IsoINIncomplete
                0x0000000008002f84        0x4 build/usbd_midi.o
 .text.USBD_MIDI_IsoOutIncomplete
                0x0000000008002f88        0x4 build/usbd_midi.o
 .text.USBD_MIDI_GetDeviceQualifierDesc
                0x0000000008002f8c        0xc build/usbd_midi.o
 .text.USBD_MIDI_DataOut
                0x0000000008002f98       0x3a build/usbd_midi.o
 .text.USBD_MIDI_DeInit
                0x0000000008002fd2       0x2c build/usbd_midi.o
 .text.USBD_MIDI_Init
                0x0000000008002ffe       0x48 build/usbd_midi.o
 .text.USBD_MIDI_RegisterInterface
                0x0000000008003046        0xa build/usbd_midi.o
                0x0000000008003046                USBD_MIDI_RegisterInterface
 .text.USBD_MIDI_SetTxBuffer
                0x0000000008003050       0x18 build/usbd_midi.o
                0x0000000008003050                USBD_MIDI_SetTxBuffer
 .text.USBD_MIDI_TransmitPacket
                0x0000000008003068       0x2c build/usbd_midi.o
                0x0000000008003068                USBD_MIDI_TransmitPacket
 .text.MIDI_Init
                0x0000000008003094        0x4 build/usbd_midi_if.o
 .text.MIDI_DeInit
                0x0000000008003098        0x4 build/usbd_midi_if.o
 .text.MIDI_Receive
                0x000000000800309c       0x38 build/usbd_midi_if.o
 .text.MIDI_Send
                0x00000000080030d4       0x1c build/usbd_midi_if.o
 .text.MIDI_cc_update
                0x00000000080030f0       0x2a build/usbd_midi_if.o
                0x00000000080030f0                MIDI_cc_update
 *fill*         0x000000000800311a        0x2 
 .text.MX_USB_DEVICE_Init
                0x000000000800311c       0x38 build/usb_device.o
                0x000000000800311c                MX_USB_DEVICE_Init
 .text.HAL_PCD_MspInit
                0x0000000008003154       0x98 build/usbd_conf.o
                0x0000000008003154                HAL_PCD_MspInit
 .text.HAL_PCD_SetupStageCallback
                0x00000000080031ec       0x10 build/usbd_conf.o
                0x00000000080031ec                HAL_PCD_SetupStageCallback
 .text.HAL_PCD_DataOutStageCallback
                0x00000000080031fc       0x18 build/usbd_conf.o
                0x00000000080031fc                HAL_PCD_DataOutStageCallback
 .text.HAL_PCD_DataInStageCallback
                0x0000000008003214       0x16 build/usbd_conf.o
                0x0000000008003214                HAL_PCD_DataInStageCallback
 .text.HAL_PCD_SOFCallback
                0x000000000800322a        0xc build/usbd_conf.o
                0x000000000800322a                HAL_PCD_SOFCallback
 .text.HAL_PCD_ResetCallback
                0x0000000008003236       0x2c build/usbd_conf.o
                0x0000000008003236                HAL_PCD_ResetCallback
 *fill*         0x0000000008003262        0x2 
 .text.HAL_PCD_SuspendCallback
                0x0000000008003264       0x30 build/usbd_conf.o
                0x0000000008003264                HAL_PCD_SuspendCallback
 .text.HAL_PCD_ResumeCallback
                0x0000000008003294        0xc build/usbd_conf.o
                0x0000000008003294                HAL_PCD_ResumeCallback
 .text.HAL_PCD_ISOOUTIncompleteCallback
                0x00000000080032a0        0xc build/usbd_conf.o
                0x00000000080032a0                HAL_PCD_ISOOUTIncompleteCallback
 .text.HAL_PCD_ISOINIncompleteCallback
                0x00000000080032ac        0xc build/usbd_conf.o
                0x00000000080032ac                HAL_PCD_ISOINIncompleteCallback
 .text.HAL_PCD_ConnectCallback
                0x00000000080032b8        0xc build/usbd_conf.o
                0x00000000080032b8                HAL_PCD_ConnectCallback
 .text.HAL_PCD_DisconnectCallback
                0x00000000080032c4        0xc build/usbd_conf.o
                0x00000000080032c4                HAL_PCD_DisconnectCallback
 .text.USBD_LL_Init
                0x00000000080032d0       0x68 build/usbd_conf.o
                0x00000000080032d0                USBD_LL_Init
 .text.USBD_LL_IsStallEP
                0x0000000008003338       0x2e build/usbd_conf.o
                0x0000000008003338                USBD_LL_IsStallEP
 .text.USBD_LL_GetRxDataSize
                0x0000000008003366        0xc build/usbd_conf.o
                0x0000000008003366                USBD_LL_GetRxDataSize
 .text.USBD_Get_USB_Status
                0x0000000008003372       0x14 build/usbd_conf.o
                0x0000000008003372                USBD_Get_USB_Status
 .text.USBD_LL_Start
                0x0000000008003386       0x10 build/usbd_conf.o
                0x0000000008003386                USBD_LL_Start
 .text.USBD_LL_OpenEP
                0x0000000008003396       0x16 build/usbd_conf.o
                0x0000000008003396                USBD_LL_OpenEP
 .text.USBD_LL_CloseEP
                0x00000000080033ac       0x10 build/usbd_conf.o
                0x00000000080033ac                USBD_LL_CloseEP
 .text.USBD_LL_StallEP
                0x00000000080033bc       0x10 build/usbd_conf.o
                0x00000000080033bc                USBD_LL_StallEP
 .text.USBD_LL_ClearStallEP
                0x00000000080033cc       0x10 build/usbd_conf.o
                0x00000000080033cc                USBD_LL_ClearStallEP
 .text.USBD_LL_SetUSBAddress
                0x00000000080033dc       0x10 build/usbd_conf.o
                0x00000000080033dc                USBD_LL_SetUSBAddress
 .text.USBD_LL_Transmit
                0x00000000080033ec       0x10 build/usbd_conf.o
                0x00000000080033ec                USBD_LL_Transmit
 .text.USBD_LL_PrepareReceive
                0x00000000080033fc       0x10 build/usbd_conf.o
                0x00000000080033fc                USBD_LL_PrepareReceive
 .text.USBD_FS_DeviceDescriptor
                0x000000000800340c        0xc build/usbd_desc.o
                0x000000000800340c                USBD_FS_DeviceDescriptor
 .text.USBD_FS_LangIDStrDescriptor
                0x0000000008003418        0xc build/usbd_desc.o
                0x0000000008003418                USBD_FS_LangIDStrDescriptor
 .text.IntToUnicode
                0x0000000008003424       0x46 build/usbd_desc.o
 *fill*         0x000000000800346a        0x2 
 .text.Get_SerialNum
                0x000000000800346c       0x38 build/usbd_desc.o
 .text.USBD_FS_SerialStrDescriptor
                0x00000000080034a4       0x14 build/usbd_desc.o
                0x00000000080034a4                USBD_FS_SerialStrDescriptor
 .text.USBD_FS_ProductStrDescriptor
                0x00000000080034b8       0x24 build/usbd_desc.o
                0x00000000080034b8                USBD_FS_ProductStrDescriptor
 .text.USBD_FS_ManufacturerStrDescriptor
                0x00000000080034dc       0x1c build/usbd_desc.o
                0x00000000080034dc                USBD_FS_ManufacturerStrDescriptor
 .text.USBD_FS_ConfigStrDescriptor
                0x00000000080034f8       0x24 build/usbd_desc.o
                0x00000000080034f8                USBD_FS_ConfigStrDescriptor
 .text.USBD_FS_InterfaceStrDescriptor
                0x000000000800351c       0x24 build/usbd_desc.o
                0x000000000800351c                USBD_FS_InterfaceStrDescriptor
 .text.Reset_Handler
                0x0000000008003540       0x50 build/startup_stm32f411xe.o
                0x0000000008003540                Reset_Handler
 .text.Default_Handler
                0x0000000008003590        0x2 build/startup_stm32f411xe.o
                0x0000000008003590                DMA1_Stream3_IRQHandler
                0x0000000008003590                EXTI2_IRQHandler
                0x0000000008003590                SPI4_IRQHandler
                0x0000000008003590                TIM1_CC_IRQHandler
                0x0000000008003590                DMA2_Stream5_IRQHandler
                0x0000000008003590                DMA1_Stream5_IRQHandler
                0x0000000008003590                PVD_IRQHandler
                0x0000000008003590                SDIO_IRQHandler
                0x0000000008003590                TAMP_STAMP_IRQHandler
                0x0000000008003590                EXTI3_IRQHandler
                0x0000000008003590                TIM1_UP_TIM10_IRQHandler
                0x0000000008003590                I2C3_ER_IRQHandler
                0x0000000008003590                EXTI0_IRQHandler
                0x0000000008003590                I2C2_EV_IRQHandler
                0x0000000008003590                DMA1_Stream2_IRQHandler
                0x0000000008003590                FPU_IRQHandler
                0x0000000008003590                DMA2_Stream2_IRQHandler
                0x0000000008003590                SPI1_IRQHandler
                0x0000000008003590                TIM1_BRK_TIM9_IRQHandler
                0x0000000008003590                DMA2_Stream3_IRQHandler
                0x0000000008003590                USART6_IRQHandler
                0x0000000008003590                DMA2_Stream0_IRQHandler
                0x0000000008003590                TIM4_IRQHandler
                0x0000000008003590                I2C1_EV_IRQHandler
                0x0000000008003590                DMA1_Stream6_IRQHandler
                0x0000000008003590                DMA1_Stream1_IRQHandler
                0x0000000008003590                TIM3_IRQHandler
                0x0000000008003590                RCC_IRQHandler
                0x0000000008003590                Default_Handler
                0x0000000008003590                EXTI15_10_IRQHandler
                0x0000000008003590                ADC_IRQHandler
                0x0000000008003590                DMA1_Stream7_IRQHandler
                0x0000000008003590                SPI5_IRQHandler
                0x0000000008003590                TIM5_IRQHandler
                0x0000000008003590                DMA2_Stream7_IRQHandler
                0x0000000008003590                I2C3_EV_IRQHandler
                0x0000000008003590                EXTI9_5_IRQHandler
                0x0000000008003590                RTC_WKUP_IRQHandler
                0x0000000008003590                SPI2_IRQHandler
                0x0000000008003590                DMA1_Stream0_IRQHandler
                0x0000000008003590                EXTI4_IRQHandler
                0x0000000008003590                WWDG_IRQHandler
                0x0000000008003590                TIM2_IRQHandler
                0x0000000008003590                OTG_FS_WKUP_IRQHandler
                0x0000000008003590                TIM1_TRG_COM_TIM11_IRQHandler
                0x0000000008003590                EXTI1_IRQHandler
                0x0000000008003590                USART2_IRQHandler
                0x0000000008003590                I2C2_ER_IRQHandler
                0x0000000008003590                DMA2_Stream1_IRQHandler
                0x0000000008003590                FLASH_IRQHandler
                0x0000000008003590                DMA2_Stream4_IRQHandler
                0x0000000008003590                USART1_IRQHandler
                0x0000000008003590                SPI3_IRQHandler
                0x0000000008003590                DMA1_Stream4_IRQHandler
                0x0000000008003590                I2C1_ER_IRQHandler
                0x0000000008003590                DMA2_Stream6_IRQHandler
                0x0000000008003590                RTC_Alarm_IRQHandler
 *fill*         0x0000000008003592        0x2 
 .text.__libc_init_array
                0x0000000008003594       0x48 /Applications/ARM/bin/../lib/gcc/arm-none-eabi/11.2.1/../../../../arm-none-eabi/lib/thumb/v7e-m+fp/hard/libc_nano.a(lib_a-init.o)
                0x0000000008003594                __libc_init_array
 .text.malloc   0x00000000080035dc       0x10 /Applications/ARM/bin/../lib/gcc/arm-none-eabi/11.2.1/../../../../arm-none-eabi/lib/thumb/v7e-m+fp/hard/libc_nano.a(lib_a-malloc.o)
                0x00000000080035dc                malloc
 .text.free     0x00000000080035ec       0x10 /Applications/ARM/bin/../lib/gcc/arm-none-eabi/11.2.1/../../../../arm-none-eabi/lib/thumb/v7e-m+fp/hard/libc_nano.a(lib_a-malloc.o)
                0x00000000080035ec                free
 .text.memcpy   0x00000000080035fc       0x1c /Applications/ARM/bin/../lib/gcc/arm-none-eabi/11.2.1/../../../../arm-none-eabi/lib/thumb/v7e-m+fp/hard/libc_nano.a(lib_a-memcpy-stub.o)
                0x00000000080035fc                memcpy
 .text.memset   0x0000000008003618       0x10 /Applications/ARM/bin/../lib/gcc/arm-none-eabi/11.2.1/../../../../arm-none-eabi/lib/thumb/v7e-m+fp/hard/libc_nano.a(lib_a-memset.o)
                0x0000000008003618                memset
 .text._free_r  0x0000000008003628       0x98 /Applications/ARM/bin/../lib/gcc/arm-none-eabi/11.2.1/../../../../arm-none-eabi/lib/thumb/v7e-m+fp/hard/libc_nano.a(lib_a-nano-freer.o)
                0x0000000008003628                _free_r
 .text.sbrk_aligned
                0x00000000080036c0       0x40 /Applications/ARM/bin/../lib/gcc/arm-none-eabi/11.2.1/../../../../arm-none-eabi/lib/thumb/v7e-m+fp/hard/libc_nano.a(lib_a-nano-mallocr.o)
 .text._malloc_r
                0x0000000008003700       0xe8 /Applications/ARM/bin/../lib/gcc/arm-none-eabi/11.2.1/../../../../arm-none-eabi/lib/thumb/v7e-m+fp/hard/libc_nano.a(lib_a-nano-mallocr.o)
                0x0000000008003700                _malloc_r
 .text._sbrk_r  0x00000000080037e8       0x20 /Applications/ARM/bin/../lib/gcc/arm-none-eabi/11.2.1/../../../../arm-none-eabi/lib/thumb/v7e-m+fp/hard/libc_nano.a(lib_a-sbrkr.o)
                0x00000000080037e8                _sbrk_r
 .text.__malloc_lock
                0x0000000008003808        0x2 /Applications/ARM/bin/../lib/gcc/arm-none-eabi/11.2.1/../../../../arm-none-eabi/lib/thumb/v7e-m+fp/hard/libc_nano.a(lib_a-mlock.o)
                0x0000000008003808                __malloc_lock
 .text.__malloc_unlock
                0x000000000800380a        0x2 /Applications/ARM/bin/../lib/gcc/arm-none-eabi/11.2.1/../../../../arm-none-eabi/lib/thumb/v7e-m+fp/hard/libc_nano.a(lib_a-mlock.o)
                0x000000000800380a                __malloc_unlock
 .text._sbrk    0x000000000800380c       0x1c /Applications/ARM/bin/../lib/gcc/arm-none-eabi/11.2.1/../../../../arm-none-eabi/lib/thumb/v7e-m+fp/hard/libnosys.a(sbrk.o)
                0x000000000800380c                _sbrk
 .text.__udivmoddi4
                0x0000000008003828      0x2c8 /Applications/ARM/bin/../lib/gcc/arm-none-eabi/11.2.1/thumb/v7e-m+fp/hard/libgcc.a(_udivmoddi4.o)
                0x0000000008003828                __udivmoddi4
 *(.glue_7)
 .glue_7        0x0000000008003af0        0x0 linker stubs
 *(.glue_7t)
 .glue_7t       0x0000000008003af0        0x0 linker stubs
 *(.eh_frame)
 .eh_frame      0x0000000008003af0        0x0 /Applications/ARM/bin/../lib/gcc/arm-none-eabi/11.2.1/thumb/v7e-m+fp/hard/crtbegin.o
 *(.init)
 .init          0x0000000008003af0        0x4 /Applications/ARM/bin/../lib/gcc/arm-none-eabi/11.2.1/thumb/v7e-m+fp/hard/crti.o
                0x0000000008003af0                _init
 .init          0x0000000008003af4        0x8 /Applications/ARM/bin/../lib/gcc/arm-none-eabi/11.2.1/thumb/v7e-m+fp/hard/crtn.o
 *(.fini)
 .fini          0x0000000008003afc        0x4 /Applications/ARM/bin/../lib/gcc/arm-none-eabi/11.2.1/thumb/v7e-m+fp/hard/crti.o
                0x0000000008003afc                _fini
 .fini          0x0000000008003b00        0x8 /Applications/ARM/bin/../lib/gcc/arm-none-eabi/11.2.1/thumb/v7e-m+fp/hard/crtn.o
                0x0000000008003b08                . = ALIGN (0x4)
                0x0000000008003b08                _etext = .

.vfp11_veneer   0x0000000008003b08        0x0
 .vfp11_veneer  0x0000000008003b08        0x0 linker stubs

.v4_bx          0x0000000008003b08        0x0
 .v4_bx         0x0000000008003b08        0x0 linker stubs

.iplt           0x0000000008003b08        0x0
 .iplt          0x0000000008003b08        0x0 /Applications/ARM/bin/../lib/gcc/arm-none-eabi/11.2.1/thumb/v7e-m+fp/hard/crtbegin.o

.rodata         0x0000000008003b08       0x50
                0x0000000008003b08                . = ALIGN (0x4)
 *(.rodata)
 *(.rodata*)
 .rodata.AHBPrescTable
                0x0000000008003b08       0x10 build/system_stm32f4xx.o
                0x0000000008003b08                AHBPrescTable
 .rodata.USBD_FS_ProductStrDescriptor.str1.4
                0x0000000008003b18       0x13 build/usbd_desc.o
 *fill*         0x0000000008003b2b        0x1 
 .rodata.USBD_FS_ManufacturerStrDescriptor.str1.4
                0x0000000008003b2c        0x9 build/usbd_desc.o
 *fill*         0x0000000008003b35        0x3 
 .rodata.USBD_FS_ConfigStrDescriptor.str1.4
                0x0000000008003b38        0xd build/usbd_desc.o
 *fill*         0x0000000008003b45        0x3 
 .rodata.USBD_FS_InterfaceStrDescriptor.str1.4
                0x0000000008003b48       0x10 build/usbd_desc.o
                0x0000000008003b58                . = ALIGN (0x4)

.ARM.extab
 *(.ARM.extab* .gnu.linkonce.armextab.*)

.ARM            0x0000000008003b58        0x8
                0x0000000008003b58                __exidx_start = .
 *(.ARM.exidx*)
 .ARM.exidx.text.__udivmoddi4
                0x0000000008003b58        0x8 /Applications/ARM/bin/../lib/gcc/arm-none-eabi/11.2.1/thumb/v7e-m+fp/hard/libgcc.a(_udivmoddi4.o)
                0x0000000008003b60                __exidx_end = .

.rel.dyn        0x0000000008003b60        0x0
 .rel.iplt      0x0000000008003b60        0x0 /Applications/ARM/bin/../lib/gcc/arm-none-eabi/11.2.1/thumb/v7e-m+fp/hard/crtbegin.o

.preinit_array  0x0000000008003b60        0x0
                0x0000000008003b60                PROVIDE (__preinit_array_start = .)
 *(.preinit_array*)
                0x0000000008003b60                PROVIDE (__preinit_array_end = .)

.init_array     0x0000000008003b60        0x4
                0x0000000008003b60                PROVIDE (__init_array_start = .)
 *(SORT_BY_NAME(.init_array.*))
 *(.init_array*)
 .init_array    0x0000000008003b60        0x4 /Applications/ARM/bin/../lib/gcc/arm-none-eabi/11.2.1/thumb/v7e-m+fp/hard/crtbegin.o
                0x0000000008003b64                PROVIDE (__init_array_end = .)

.fini_array     0x0000000008003b64        0x4
                [!provide]                        PROVIDE (__fini_array_start = .)
 *(SORT_BY_NAME(.fini_array.*))
 *(.fini_array*)
 .fini_array    0x0000000008003b64        0x4 /Applications/ARM/bin/../lib/gcc/arm-none-eabi/11.2.1/thumb/v7e-m+fp/hard/crtbegin.o
                [!provide]                        PROVIDE (__fini_array_end = .)
                0x0000000008003b68                _sidata = LOADADDR (.data)

.data           0x0000000020000000      0x19c load address 0x0000000008003b68
                0x0000000020000000                . = ALIGN (0x4)
                0x0000000020000000                _sdata = .
 *(.data)
 *(.data*)
 .data.uwTickFreq
                0x0000000020000000        0x1 build/stm32f4xx_hal.o
                0x0000000020000000                uwTickFreq
 *fill*         0x0000000020000001        0x3 
 .data.uwTickPrio
                0x0000000020000004        0x4 build/stm32f4xx_hal.o
                0x0000000020000004                uwTickPrio
 .data.SystemCoreClock
                0x0000000020000008        0x4 build/system_stm32f4xx.o
                0x0000000020000008                SystemCoreClock
 .data.USBD_MIDI
                0x000000002000000c       0x38 build/usbd_midi.o
                0x000000002000000c                USBD_MIDI
 .data.USBD_MIDI_CfgDesc
                0x0000000020000044       0x85 build/usbd_midi.o
 *fill*         0x00000000200000c9        0x3 
 .data.USBD_MIDI_DeviceQualifierDesc
                0x00000000200000cc        0xa build/usbd_midi.o
 *fill*         0x00000000200000d6        0x2 
 .data.USBD_MIDI_fops
                0x00000000200000d8       0x10 build/usbd_midi_if.o
                0x00000000200000d8                USBD_MIDI_fops
 .data.FS_Desc  0x00000000200000e8       0x1c build/usbd_desc.o
                0x00000000200000e8                FS_Desc
 .data.USBD_FS_DeviceDesc
                0x0000000020000104       0x12 build/usbd_desc.o
                0x0000000020000104                USBD_FS_DeviceDesc
 *fill*         0x0000000020000116        0x2 
 .data.USBD_LangIDDesc
                0x0000000020000118        0x4 build/usbd_desc.o
                0x0000000020000118                USBD_LangIDDesc
 .data.USBD_StringSerial
                0x000000002000011c       0x1a build/usbd_desc.o
                0x000000002000011c                USBD_StringSerial
 *fill*         0x0000000020000136        0x2 
 .data._impure_ptr
                0x0000000020000138        0x4 /Applications/ARM/bin/../lib/gcc/arm-none-eabi/11.2.1/../../../../arm-none-eabi/lib/thumb/v7e-m+fp/hard/libc_nano.a(lib_a-impure.o)
                0x0000000020000138                _impure_ptr
 .data.impure_data
                0x000000002000013c       0x60 /Applications/ARM/bin/../lib/gcc/arm-none-eabi/11.2.1/../../../../arm-none-eabi/lib/thumb/v7e-m+fp/hard/libc_nano.a(lib_a-impure.o)
                0x000000002000019c                . = ALIGN (0x4)
                0x000000002000019c                _edata = .

.tm_clone_table
                0x000000002000019c        0x0 load address 0x0000000008003d04
 .tm_clone_table
                0x000000002000019c        0x0 /Applications/ARM/bin/../lib/gcc/arm-none-eabi/11.2.1/thumb/v7e-m+fp/hard/crtbegin.o
 .tm_clone_table
                0x000000002000019c        0x0 /Applications/ARM/bin/../lib/gcc/arm-none-eabi/11.2.1/thumb/v7e-m+fp/hard/crtend.o

.igot.plt       0x000000002000019c        0x0 load address 0x0000000008003d04
 .igot.plt      0x000000002000019c        0x0 /Applications/ARM/bin/../lib/gcc/arm-none-eabi/11.2.1/thumb/v7e-m+fp/hard/crtbegin.o
                0x000000002000019c                . = ALIGN (0x4)

.bss            0x000000002000019c      0x8dc load address 0x0000000008003d04
                0x000000002000019c                _sbss = .
                0x000000002000019c                __bss_start__ = _sbss
 *(.bss)
 *(.bss*)
 .bss.completed.1
                0x000000002000019c        0x1 /Applications/ARM/bin/../lib/gcc/arm-none-eabi/11.2.1/thumb/v7e-m+fp/hard/crtbegin.o
 *fill*         0x000000002000019d        0x3 
 .bss.object.0  0x00000000200001a0       0x18 /Applications/ARM/bin/../lib/gcc/arm-none-eabi/11.2.1/thumb/v7e-m+fp/hard/crtbegin.o
 .bss.uwTick    0x00000000200001b8        0x4 build/stm32f4xx_hal.o
                0x00000000200001b8                uwTick
 .bss.cfgidx.0  0x00000000200001bc        0x1 build/usbd_ctlreq.o
 *fill*         0x00000000200001bd        0x3 
 .bss.hUsbDeviceFS
                0x00000000200001c0      0x2a0 build/usb_device.o
                0x00000000200001c0                hUsbDeviceFS
 .bss.hpcd_USB_OTG_FS
                0x0000000020000460      0x408 build/usbd_conf.o
                0x0000000020000460                hpcd_USB_OTG_FS
 .bss.USBD_StrDesc
                0x0000000020000868      0x200 build/usbd_desc.o
                0x0000000020000868                USBD_StrDesc
 .bss.__malloc_free_list
                0x0000000020000a68        0x4 /Applications/ARM/bin/../lib/gcc/arm-none-eabi/11.2.1/../../../../arm-none-eabi/lib/thumb/v7e-m+fp/hard/libc_nano.a(lib_a-nano-mallocr.o)
                0x0000000020000a68                __malloc_free_list
 .bss.__malloc_sbrk_start
                0x0000000020000a6c        0x4 /Applications/ARM/bin/../lib/gcc/arm-none-eabi/11.2.1/../../../../arm-none-eabi/lib/thumb/v7e-m+fp/hard/libc_nano.a(lib_a-nano-mallocr.o)
                0x0000000020000a6c                __malloc_sbrk_start
 .bss.errno     0x0000000020000a70        0x4 /Applications/ARM/bin/../lib/gcc/arm-none-eabi/11.2.1/../../../../arm-none-eabi/lib/thumb/v7e-m+fp/hard/libc_nano.a(lib_a-reent.o)
                0x0000000020000a70                errno
 .bss.heap_end.0
                0x0000000020000a74        0x4 /Applications/ARM/bin/../lib/gcc/arm-none-eabi/11.2.1/../../../../arm-none-eabi/lib/thumb/v7e-m+fp/hard/libnosys.a(sbrk.o)
 *(COMMON)
                0x0000000020000a78                . = ALIGN (0x4)
                0x0000000020000a78                _ebss = .
                0x0000000020000a78                __bss_end__ = _ebss

._user_heap_stack
                0x0000000020000a78      0x600 load address 0x0000000008003d04
                0x0000000020000a78                . = ALIGN (0x8)
                0x0000000020000a78                PROVIDE (end = .)
                [!provide]                        PROVIDE (_end = .)
                0x0000000020000c78                . = (. + _Min_Heap_Size)
 *fill*         0x0000000020000a78      0x200 
                0x0000000020001078                . = (. + _Min_Stack_Size)
 *fill*         0x0000000020000c78      0x400 
                0x0000000020001078                . = ALIGN (0x8)

/DISCARD/
 libc.a(*)
 libm.a(*)
 libgcc.a(*)

.ARM.attributes
                0x0000000000000000       0x30
 *(.ARM.attributes)
 .ARM.attributes
                0x0000000000000000       0x1e /Applications/ARM/bin/../lib/gcc/arm-none-eabi/11.2.1/thumb/v7e-m+fp/hard/crti.o
 .ARM.attributes
                0x000000000000001e       0x34 /Applications/ARM/bin/../lib/gcc/arm-none-eabi/11.2.1/thumb/v7e-m+fp/hard/crtbegin.o
 .ARM.attributes
                0x0000000000000052       0x34 build/main.o
 .ARM.attributes
                0x0000000000000086       0x34 build/gpio.o
 .ARM.attributes
                0x00000000000000ba       0x34 build/stm32f4xx_it.o
 .ARM.attributes
                0x00000000000000ee       0x34 build/stm32f4xx_hal_msp.o
 .ARM.attributes
                0x0000000000000122       0x34 build/stm32f4xx_hal_pcd.o
 .ARM.attributes
                0x0000000000000156       0x34 build/stm32f4xx_hal_pcd_ex.o
 .ARM.attributes
                0x000000000000018a       0x34 build/stm32f4xx_ll_usb.o
 .ARM.attributes
                0x00000000000001be       0x34 build/stm32f4xx_hal_rcc.o
 .ARM.attributes
                0x00000000000001f2       0x34 build/stm32f4xx_hal_rcc_ex.o
 .ARM.attributes
                0x0000000000000226       0x34 build/stm32f4xx_hal_gpio.o
 .ARM.attributes
                0x000000000000025a       0x34 build/stm32f4xx_hal_cortex.o
 .ARM.attributes
                0x000000000000028e       0x34 build/stm32f4xx_hal.o
 .ARM.attributes
                0x00000000000002c2       0x34 build/system_stm32f4xx.o
 .ARM.attributes
                0x00000000000002f6       0x34 build/usbd_core.o
 .ARM.attributes
                0x000000000000032a       0x34 build/usbd_ctlreq.o
 .ARM.attributes
                0x000000000000035e       0x34 build/usbd_ioreq.o
 .ARM.attributes
                0x0000000000000392       0x34 build/usbd_midi.o
 .ARM.attributes
                0x00000000000003c6       0x34 build/usbd_midi_if.o
 .ARM.attributes
                0x00000000000003fa       0x34 build/usb_device.o
 .ARM.attributes
                0x000000000000042e       0x34 build/usbd_conf.o
 .ARM.attributes
                0x0000000000000462       0x34 build/usbd_desc.o
 .ARM.attributes
                0x0000000000000496       0x21 build/startup_stm32f411xe.o
 .ARM.attributes
                0x00000000000004b7       0x34 /Applications/ARM/bin/../lib/gcc/arm-none-eabi/11.2.1/../../../../arm-none-eabi/lib/thumb/v7e-m+fp/hard/libc_nano.a(lib_a-impure.o)
 .ARM.attributes
                0x00000000000004eb       0x34 /Applications/ARM/bin/../lib/gcc/arm-none-eabi/11.2.1/../../../../arm-none-eabi/lib/thumb/v7e-m+fp/hard/libc_nano.a(lib_a-init.o)
 .ARM.attributes
                0x000000000000051f       0x34 /Applications/ARM/bin/../lib/gcc/arm-none-eabi/11.2.1/../../../../arm-none-eabi/lib/thumb/v7e-m+fp/hard/libc_nano.a(lib_a-malloc.o)
 .ARM.attributes
                0x0000000000000553       0x34 /Applications/ARM/bin/../lib/gcc/arm-none-eabi/11.2.1/../../../../arm-none-eabi/lib/thumb/v7e-m+fp/hard/libc_nano.a(lib_a-memcpy-stub.o)
 .ARM.attributes
                0x0000000000000587       0x34 /Applications/ARM/bin/../lib/gcc/arm-none-eabi/11.2.1/../../../../arm-none-eabi/lib/thumb/v7e-m+fp/hard/libc_nano.a(lib_a-memset.o)
 .ARM.attributes
                0x00000000000005bb       0x34 /Applications/ARM/bin/../lib/gcc/arm-none-eabi/11.2.1/../../../../arm-none-eabi/lib/thumb/v7e-m+fp/hard/libc_nano.a(lib_a-nano-freer.o)
 .ARM.attributes
                0x00000000000005ef       0x34 /Applications/ARM/bin/../lib/gcc/arm-none-eabi/11.2.1/../../../../arm-none-eabi/lib/thumb/v7e-m+fp/hard/libc_nano.a(lib_a-nano-mallocr.o)
 .ARM.attributes
                0x0000000000000623       0x34 /Applications/ARM/bin/../lib/gcc/arm-none-eabi/11.2.1/../../../../arm-none-eabi/lib/thumb/v7e-m+fp/hard/libc_nano.a(lib_a-sbrkr.o)
 .ARM.attributes
                0x0000000000000657       0x34 /Applications/ARM/bin/../lib/gcc/arm-none-eabi/11.2.1/../../../../arm-none-eabi/lib/thumb/v7e-m+fp/hard/libc_nano.a(lib_a-mlock.o)
 .ARM.attributes
                0x000000000000068b       0x34 /Applications/ARM/bin/../lib/gcc/arm-none-eabi/11.2.1/../../../../arm-none-eabi/lib/thumb/v7e-m+fp/hard/libc_nano.a(lib_a-reent.o)
 .ARM.attributes
                0x00000000000006bf       0x34 /Applications/ARM/bin/../lib/gcc/arm-none-eabi/11.2.1/../../../../arm-none-eabi/lib/thumb/v7e-m+fp/hard/libnosys.a(sbrk.o)
 .ARM.attributes
                0x00000000000006f3       0x1e /Applications/ARM/bin/../lib/gcc/arm-none-eabi/11.2.1/thumb/v7e-m+fp/hard/libgcc.a(_aeabi_uldivmod.o)
 .ARM.attributes
                0x0000000000000711       0x34 /Applications/ARM/bin/../lib/gcc/arm-none-eabi/11.2.1/thumb/v7e-m+fp/hard/libgcc.a(_udivmoddi4.o)
 .ARM.attributes
                0x0000000000000745       0x1e /Applications/ARM/bin/../lib/gcc/arm-none-eabi/11.2.1/thumb/v7e-m+fp/hard/libgcc.a(_dvmd_tls.o)
 .ARM.attributes
                0x0000000000000763       0x34 /Applications/ARM/bin/../lib/gcc/arm-none-eabi/11.2.1/thumb/v7e-m+fp/hard/crtend.o
 .ARM.attributes
                0x0000000000000797       0x1e /Applications/ARM/bin/../lib/gcc/arm-none-eabi/11.2.1/thumb/v7e-m+fp/hard/crtn.o
OUTPUT(build/F411_USB_MIDI.elf elf32-littlearm)
LOAD linker stubs
LOAD /Applications/ARM/bin/../lib/gcc/arm-none-eabi/11.2.1/../../../../arm-none-eabi/lib/thumb/v7e-m+fp/hard/libc.a
LOAD /Applications/ARM/bin/../lib/gcc/arm-none-eabi/11.2.1/../../../../arm-none-eabi/lib/thumb/v7e-m+fp/hard/libm.a
LOAD /Applications/ARM/bin/../lib/gcc/arm-none-eabi/11.2.1/thumb/v7e-m+fp/hard/libgcc.a

.comment        0x0000000000000000       0x57
 .comment       0x0000000000000000       0x57 /Applications/ARM/bin/../lib/gcc/arm-none-eabi/11.2.1/thumb/v7e-m+fp/hard/crtbegin.o
                                         0x58 (size before relaxing)
 .comment       0x0000000000000057       0x58 build/main.o
 .comment       0x0000000000000057       0x58 build/gpio.o
 .comment       0x0000000000000057       0x58 build/stm32f4xx_it.o
 .comment       0x0000000000000057       0x58 build/stm32f4xx_hal_msp.o
 .comment       0x0000000000000057       0x58 build/stm32f4xx_hal_pcd.o
 .comment       0x0000000000000057       0x58 build/stm32f4xx_hal_pcd_ex.o
 .comment       0x0000000000000057       0x58 build/stm32f4xx_ll_usb.o
 .comment       0x0000000000000057       0x58 build/stm32f4xx_hal_rcc.o
 .comment       0x0000000000000057       0x58 build/stm32f4xx_hal_rcc_ex.o
 .comment       0x0000000000000057       0x58 build/stm32f4xx_hal_gpio.o
 .comment       0x0000000000000057       0x58 build/stm32f4xx_hal_cortex.o
 .comment       0x0000000000000057       0x58 build/stm32f4xx_hal.o
 .comment       0x0000000000000057       0x58 build/system_stm32f4xx.o
 .comment       0x0000000000000057       0x58 build/usbd_core.o
 .comment       0x0000000000000057       0x58 build/usbd_ctlreq.o
 .comment       0x0000000000000057       0x58 build/usbd_ioreq.o
 .comment       0x0000000000000057       0x58 build/usbd_midi.o
 .comment       0x0000000000000057       0x58 build/usbd_midi_if.o
 .comment       0x0000000000000057       0x58 build/usb_device.o
 .comment       0x0000000000000057       0x58 build/usbd_conf.o
 .comment       0x0000000000000057       0x58 build/usbd_desc.o
 .comment       0x0000000000000057       0x58 /Applications/ARM/bin/../lib/gcc/arm-none-eabi/11.2.1/../../../../arm-none-eabi/lib/thumb/v7e-m+fp/hard/libc_nano.a(lib_a-impure.o)
 .comment       0x0000000000000057       0x58 /Applications/ARM/bin/../lib/gcc/arm-none-eabi/11.2.1/../../../../arm-none-eabi/lib/thumb/v7e-m+fp/hard/libc_nano.a(lib_a-init.o)
 .comment       0x0000000000000057       0x58 /Applications/ARM/bin/../lib/gcc/arm-none-eabi/11.2.1/../../../../arm-none-eabi/lib/thumb/v7e-m+fp/hard/libc_nano.a(lib_a-malloc.o)
 .comment       0x0000000000000057       0x58 /Applications/ARM/bin/../lib/gcc/arm-none-eabi/11.2.1/../../../../arm-none-eabi/lib/thumb/v7e-m+fp/hard/libc_nano.a(lib_a-memcpy-stub.o)
 .comment       0x0000000000000057       0x58 /Applications/ARM/bin/../lib/gcc/arm-none-eabi/11.2.1/../../../../arm-none-eabi/lib/thumb/v7e-m+fp/hard/libc_nano.a(lib_a-memset.o)
 .comment       0x0000000000000057       0x58 /Applications/ARM/bin/../lib/gcc/arm-none-eabi/11.2.1/../../../../arm-none-eabi/lib/thumb/v7e-m+fp/hard/libc_nano.a(lib_a-nano-freer.o)
 .comment       0x0000000000000057       0x58 /Applications/ARM/bin/../lib/gcc/arm-none-eabi/11.2.1/../../../../arm-none-eabi/lib/thumb/v7e-m+fp/hard/libc_nano.a(lib_a-nano-mallocr.o)
 .comment       0x0000000000000057       0x58 /Applications/ARM/bin/../lib/gcc/arm-none-eabi/11.2.1/../../../../arm-none-eabi/lib/thumb/v7e-m+fp/hard/libc_nano.a(lib_a-sbrkr.o)
 .comment       0x0000000000000057       0x58 /Applications/ARM/bin/../lib/gcc/arm-none-eabi/11.2.1/../../../../arm-none-eabi/lib/thumb/v7e-m+fp/hard/libc_nano.a(lib_a-mlock.o)
 .comment       0x0000000000000057       0x58 /Applications/ARM/bin/../lib/gcc/arm-none-eabi/11.2.1/../../../../arm-none-eabi/lib/thumb/v7e-m+fp/hard/libc_nano.a(lib_a-reent.o)
 .comment       0x0000000000000057       0x58 /Applications/ARM/bin/../lib/gcc/arm-none-eabi/11.2.1/../../../../arm-none-eabi/lib/thumb/v7e-m+fp/hard/libnosys.a(sbrk.o)
 .comment       0x0000000000000057       0x58 /Applications/ARM/bin/../lib/gcc/arm-none-eabi/11.2.1/thumb/v7e-m+fp/hard/libgcc.a(_udivmoddi4.o)
 .comment       0x0000000000000057       0x58 /Applications/ARM/bin/../lib/gcc/arm-none-eabi/11.2.1/thumb/v7e-m+fp/hard/crtend.o

.debug_info     0x0000000000000000    0x153c3
 .debug_info    0x0000000000000000      0xaee build/main.o
 .debug_info    0x0000000000000aee      0x31d build/gpio.o
 .debug_info    0x0000000000000e0b      0x6e8 build/stm32f4xx_it.o
 .debug_info    0x00000000000014f3      0x31d build/stm32f4xx_hal_msp.o
 .debug_info    0x0000000000001810     0x1d73 build/stm32f4xx_hal_pcd.o
 .debug_info    0x0000000000003583      0x785 build/stm32f4xx_hal_pcd_ex.o
 .debug_info    0x0000000000003d08     0x209b build/stm32f4xx_ll_usb.o
 .debug_info    0x0000000000005da3      0xc38 build/stm32f4xx_hal_rcc.o
 .debug_info    0x00000000000069db      0x77d build/stm32f4xx_hal_rcc_ex.o
 .debug_info    0x0000000000007158      0x872 build/stm32f4xx_hal_gpio.o
 .debug_info    0x00000000000079ca     0x10ea build/stm32f4xx_hal_cortex.o
 .debug_info    0x0000000000008ab4      0xa92 build/stm32f4xx_hal.o
 .debug_info    0x0000000000009546      0x5e5 build/system_stm32f4xx.o
 .debug_info    0x0000000000009b2b      0xf58 build/usbd_core.o
 .debug_info    0x000000000000aa83     0x1135 build/usbd_ctlreq.o
 .debug_info    0x000000000000bbb8      0x8d4 build/usbd_ioreq.o
 .debug_info    0x000000000000c48c      0xe01 build/usbd_midi.o
 .debug_info    0x000000000000d28d      0xbcc build/usbd_midi_if.o
 .debug_info    0x000000000000de59      0x752 build/usb_device.o
 .debug_info    0x000000000000e5ab     0x21ce build/usbd_conf.o
 .debug_info    0x0000000000010779      0x645 build/usbd_desc.o
 .debug_info    0x0000000000010dbe       0x22 build/startup_stm32f411xe.o
 .debug_info    0x0000000000010de0      0x7fc /Applications/ARM/bin/../lib/gcc/arm-none-eabi/11.2.1/../../../../arm-none-eabi/lib/thumb/v7e-m+fp/hard/libc_nano.a(lib_a-impure.o)
 .debug_info    0x00000000000115dc      0x10b /Applications/ARM/bin/../lib/gcc/arm-none-eabi/11.2.1/../../../../arm-none-eabi/lib/thumb/v7e-m+fp/hard/libc_nano.a(lib_a-init.o)
 .debug_info    0x00000000000116e7      0x7ea /Applications/ARM/bin/../lib/gcc/arm-none-eabi/11.2.1/../../../../arm-none-eabi/lib/thumb/v7e-m+fp/hard/libc_nano.a(lib_a-malloc.o)
 .debug_info    0x0000000000011ed1      0x121 /Applications/ARM/bin/../lib/gcc/arm-none-eabi/11.2.1/../../../../arm-none-eabi/lib/thumb/v7e-m+fp/hard/libc_nano.a(lib_a-memcpy-stub.o)
 .debug_info    0x0000000000011ff2       0xe0 /Applications/ARM/bin/../lib/gcc/arm-none-eabi/11.2.1/../../../../arm-none-eabi/lib/thumb/v7e-m+fp/hard/libc_nano.a(lib_a-memset.o)
 .debug_info    0x00000000000120d2      0x89c /Applications/ARM/bin/../lib/gcc/arm-none-eabi/11.2.1/../../../../arm-none-eabi/lib/thumb/v7e-m+fp/hard/libc_nano.a(lib_a-nano-freer.o)
 .debug_info    0x000000000001296e      0xa12 /Applications/ARM/bin/../lib/gcc/arm-none-eabi/11.2.1/../../../../arm-none-eabi/lib/thumb/v7e-m+fp/hard/libc_nano.a(lib_a-nano-mallocr.o)
 .debug_info    0x0000000000013380      0x7d2 /Applications/ARM/bin/../lib/gcc/arm-none-eabi/11.2.1/../../../../arm-none-eabi/lib/thumb/v7e-m+fp/hard/libc_nano.a(lib_a-sbrkr.o)
 .debug_info    0x0000000000013b52      0x77c /Applications/ARM/bin/../lib/gcc/arm-none-eabi/11.2.1/../../../../arm-none-eabi/lib/thumb/v7e-m+fp/hard/libc_nano.a(lib_a-mlock.o)
 .debug_info    0x00000000000142ce      0x92c /Applications/ARM/bin/../lib/gcc/arm-none-eabi/11.2.1/../../../../arm-none-eabi/lib/thumb/v7e-m+fp/hard/libc_nano.a(lib_a-reent.o)
 .debug_info    0x0000000000014bfa       0x9e /Applications/ARM/bin/../lib/gcc/arm-none-eabi/11.2.1/../../../../arm-none-eabi/lib/thumb/v7e-m+fp/hard/libnosys.a(sbrk.o)
 .debug_info    0x0000000000014c98       0x24 /Applications/ARM/bin/../lib/gcc/arm-none-eabi/11.2.1/thumb/v7e-m+fp/hard/libgcc.a(_aeabi_uldivmod.o)
 .debug_info    0x0000000000014cbc      0x6e3 /Applications/ARM/bin/../lib/gcc/arm-none-eabi/11.2.1/thumb/v7e-m+fp/hard/libgcc.a(_udivmoddi4.o)
 .debug_info    0x000000000001539f       0x24 /Applications/ARM/bin/../lib/gcc/arm-none-eabi/11.2.1/thumb/v7e-m+fp/hard/libgcc.a(_dvmd_tls.o)

.debug_abbrev   0x0000000000000000     0x4097
 .debug_abbrev  0x0000000000000000      0x2ed build/main.o
 .debug_abbrev  0x00000000000002ed       0xd3 build/gpio.o
 .debug_abbrev  0x00000000000003c0      0x183 build/stm32f4xx_it.o
 .debug_abbrev  0x0000000000000543       0xd3 build/stm32f4xx_hal_msp.o
 .debug_abbrev  0x0000000000000616      0x2fe build/stm32f4xx_hal_pcd.o
 .debug_abbrev  0x0000000000000914      0x1c5 build/stm32f4xx_hal_pcd_ex.o
 .debug_abbrev  0x0000000000000ad9      0x33d build/stm32f4xx_ll_usb.o
 .debug_abbrev  0x0000000000000e16      0x2de build/stm32f4xx_hal_rcc.o
 .debug_abbrev  0x00000000000010f4      0x1dc build/stm32f4xx_hal_rcc_ex.o
 .debug_abbrev  0x00000000000012d0      0x22b build/stm32f4xx_hal_gpio.o
 .debug_abbrev  0x00000000000014fb      0x371 build/stm32f4xx_hal_cortex.o
 .debug_abbrev  0x000000000000186c      0x275 build/stm32f4xx_hal.o
 .debug_abbrev  0x0000000000001ae1      0x11b build/system_stm32f4xx.o
 .debug_abbrev  0x0000000000001bfc      0x2ae build/usbd_core.o
 .debug_abbrev  0x0000000000001eaa      0x2ec build/usbd_ctlreq.o
 .debug_abbrev  0x0000000000002196      0x18e build/usbd_ioreq.o
 .debug_abbrev  0x0000000000002324      0x2c5 build/usbd_midi.o
 .debug_abbrev  0x00000000000025e9      0x28c build/usbd_midi_if.o
 .debug_abbrev  0x0000000000002875      0x175 build/usb_device.o
 .debug_abbrev  0x00000000000029ea      0x2fa build/usbd_conf.o
 .debug_abbrev  0x0000000000002ce4      0x1f9 build/usbd_desc.o
 .debug_abbrev  0x0000000000002edd       0x12 build/startup_stm32f411xe.o
 .debug_abbrev  0x0000000000002eef      0x15a /Applications/ARM/bin/../lib/gcc/arm-none-eabi/11.2.1/../../../../arm-none-eabi/lib/thumb/v7e-m+fp/hard/libc_nano.a(lib_a-impure.o)
 .debug_abbrev  0x0000000000003049       0xc9 /Applications/ARM/bin/../lib/gcc/arm-none-eabi/11.2.1/../../../../arm-none-eabi/lib/thumb/v7e-m+fp/hard/libc_nano.a(lib_a-init.o)
 .debug_abbrev  0x0000000000003112      0x1cf /Applications/ARM/bin/../lib/gcc/arm-none-eabi/11.2.1/../../../../arm-none-eabi/lib/thumb/v7e-m+fp/hard/libc_nano.a(lib_a-malloc.o)
 .debug_abbrev  0x00000000000032e1       0xc1 /Applications/ARM/bin/../lib/gcc/arm-none-eabi/11.2.1/../../../../arm-none-eabi/lib/thumb/v7e-m+fp/hard/libc_nano.a(lib_a-memcpy-stub.o)
 .debug_abbrev  0x00000000000033a2       0x9e /Applications/ARM/bin/../lib/gcc/arm-none-eabi/11.2.1/../../../../arm-none-eabi/lib/thumb/v7e-m+fp/hard/libc_nano.a(lib_a-memset.o)
 .debug_abbrev  0x0000000000003440      0x23b /Applications/ARM/bin/../lib/gcc/arm-none-eabi/11.2.1/../../../../arm-none-eabi/lib/thumb/v7e-m+fp/hard/libc_nano.a(lib_a-nano-freer.o)
 .debug_abbrev  0x000000000000367b      0x24a /Applications/ARM/bin/../lib/gcc/arm-none-eabi/11.2.1/../../../../arm-none-eabi/lib/thumb/v7e-m+fp/hard/libc_nano.a(lib_a-nano-mallocr.o)
 .debug_abbrev  0x00000000000038c5      0x1da /Applications/ARM/bin/../lib/gcc/arm-none-eabi/11.2.1/../../../../arm-none-eabi/lib/thumb/v7e-m+fp/hard/libc_nano.a(lib_a-sbrkr.o)
 .debug_abbrev  0x0000000000003a9f      0x192 /Applications/ARM/bin/../lib/gcc/arm-none-eabi/11.2.1/../../../../arm-none-eabi/lib/thumb/v7e-m+fp/hard/libc_nano.a(lib_a-mlock.o)
 .debug_abbrev  0x0000000000003c31      0x233 /Applications/ARM/bin/../lib/gcc/arm-none-eabi/11.2.1/../../../../arm-none-eabi/lib/thumb/v7e-m+fp/hard/libc_nano.a(lib_a-reent.o)
 .debug_abbrev  0x0000000000003e64       0xa1 /Applications/ARM/bin/../lib/gcc/arm-none-eabi/11.2.1/../../../../arm-none-eabi/lib/thumb/v7e-m+fp/hard/libnosys.a(sbrk.o)
 .debug_abbrev  0x0000000000003f05       0x14 /Applications/ARM/bin/../lib/gcc/arm-none-eabi/11.2.1/thumb/v7e-m+fp/hard/libgcc.a(_aeabi_uldivmod.o)
 .debug_abbrev  0x0000000000003f19      0x16a /Applications/ARM/bin/../lib/gcc/arm-none-eabi/11.2.1/thumb/v7e-m+fp/hard/libgcc.a(_udivmoddi4.o)
 .debug_abbrev  0x0000000000004083       0x14 /Applications/ARM/bin/../lib/gcc/arm-none-eabi/11.2.1/thumb/v7e-m+fp/hard/libgcc.a(_dvmd_tls.o)

.debug_loc      0x0000000000000000     0x9b60
 .debug_loc     0x0000000000000000      0x123 build/main.o
 .debug_loc     0x0000000000000123       0x2c build/gpio.o
 .debug_loc     0x000000000000014f       0x40 build/stm32f4xx_it.o
 .debug_loc     0x000000000000018f       0x2c build/stm32f4xx_hal_msp.o
 .debug_loc     0x00000000000001bb     0x1539 build/stm32f4xx_hal_pcd.o
 .debug_loc     0x00000000000016f4      0x116 build/stm32f4xx_hal_pcd_ex.o
 .debug_loc     0x000000000000180a     0x27c8 build/stm32f4xx_ll_usb.o
 .debug_loc     0x0000000000003fd2      0x6e4 build/stm32f4xx_hal_rcc.o
 .debug_loc     0x00000000000046b6      0x45a build/stm32f4xx_hal_rcc_ex.o
 .debug_loc     0x0000000000004b10      0x5db build/stm32f4xx_hal_gpio.o
 .debug_loc     0x00000000000050eb      0x831 build/stm32f4xx_hal_cortex.o
 .debug_loc     0x000000000000591c      0x1e1 build/stm32f4xx_hal.o
 .debug_loc     0x0000000000005afd      0x158 build/system_stm32f4xx.o
 .debug_loc     0x0000000000005c55      0xae9 build/usbd_core.o
 .debug_loc     0x000000000000673e     0x13b1 build/usbd_ctlreq.o
 .debug_loc     0x0000000000007aef      0x364 build/usbd_ioreq.o
 .debug_loc     0x0000000000007e53      0x4be build/usbd_midi.o
 .debug_loc     0x0000000000008311      0x464 build/usbd_midi_if.o
 .debug_loc     0x0000000000008775       0x20 build/usb_device.o
 .debug_loc     0x0000000000008795      0xf50 build/usbd_conf.o
 .debug_loc     0x00000000000096e5      0x47b build/usbd_desc.o

.debug_aranges  0x0000000000000000      0xcd0
 .debug_aranges
                0x0000000000000000       0x40 build/main.o
 .debug_aranges
                0x0000000000000040       0x20 build/gpio.o
 .debug_aranges
                0x0000000000000060       0x68 build/stm32f4xx_it.o
 .debug_aranges
                0x00000000000000c8       0x20 build/stm32f4xx_hal_msp.o
 .debug_aranges
                0x00000000000000e8      0x138 build/stm32f4xx_hal_pcd.o
 .debug_aranges
                0x0000000000000220       0x38 build/stm32f4xx_hal_pcd_ex.o
 .debug_aranges
                0x0000000000000258      0x198 build/stm32f4xx_ll_usb.o
 .debug_aranges
                0x00000000000003f0       0x88 build/stm32f4xx_hal_rcc.o
 .debug_aranges
                0x0000000000000478       0x50 build/stm32f4xx_hal_rcc_ex.o
 .debug_aranges
                0x00000000000004c8       0x58 build/stm32f4xx_hal_gpio.o
 .debug_aranges
                0x0000000000000520       0xa8 build/stm32f4xx_hal_cortex.o
 .debug_aranges
                0x00000000000005c8       0xf0 build/stm32f4xx_hal.o
 .debug_aranges
                0x00000000000006b8       0x28 build/system_stm32f4xx.o
 .debug_aranges
                0x00000000000006e0       0xb8 build/usbd_core.o
 .debug_aranges
                0x0000000000000798       0x88 build/usbd_ctlreq.o
 .debug_aranges
                0x0000000000000820       0x50 build/usbd_ioreq.o
 .debug_aranges
                0x0000000000000870       0x98 build/usbd_midi.o
 .debug_aranges
                0x0000000000000908       0x50 build/usbd_midi_if.o
 .debug_aranges
                0x0000000000000958       0x20 build/usb_device.o
 .debug_aranges
                0x0000000000000978      0x100 build/usbd_conf.o
 .debug_aranges
                0x0000000000000a78       0x60 build/usbd_desc.o
 .debug_aranges
                0x0000000000000ad8       0x28 build/startup_stm32f411xe.o
 .debug_aranges
                0x0000000000000b00       0x18 /Applications/ARM/bin/../lib/gcc/arm-none-eabi/11.2.1/../../../../arm-none-eabi/lib/thumb/v7e-m+fp/hard/libc_nano.a(lib_a-impure.o)
 .debug_aranges
                0x0000000000000b18       0x20 /Applications/ARM/bin/../lib/gcc/arm-none-eabi/11.2.1/../../../../arm-none-eabi/lib/thumb/v7e-m+fp/hard/libc_nano.a(lib_a-init.o)
 .debug_aranges
                0x0000000000000b38       0x28 /Applications/ARM/bin/../lib/gcc/arm-none-eabi/11.2.1/../../../../arm-none-eabi/lib/thumb/v7e-m+fp/hard/libc_nano.a(lib_a-malloc.o)
 .debug_aranges
                0x0000000000000b60       0x20 /Applications/ARM/bin/../lib/gcc/arm-none-eabi/11.2.1/../../../../arm-none-eabi/lib/thumb/v7e-m+fp/hard/libc_nano.a(lib_a-memcpy-stub.o)
 .debug_aranges
                0x0000000000000b80       0x20 /Applications/ARM/bin/../lib/gcc/arm-none-eabi/11.2.1/../../../../arm-none-eabi/lib/thumb/v7e-m+fp/hard/libc_nano.a(lib_a-memset.o)
 .debug_aranges
                0x0000000000000ba0       0x20 /Applications/ARM/bin/../lib/gcc/arm-none-eabi/11.2.1/../../../../arm-none-eabi/lib/thumb/v7e-m+fp/hard/libc_nano.a(lib_a-nano-freer.o)
 .debug_aranges
                0x0000000000000bc0       0x28 /Applications/ARM/bin/../lib/gcc/arm-none-eabi/11.2.1/../../../../arm-none-eabi/lib/thumb/v7e-m+fp/hard/libc_nano.a(lib_a-nano-mallocr.o)
 .debug_aranges
                0x0000000000000be8       0x20 /Applications/ARM/bin/../lib/gcc/arm-none-eabi/11.2.1/../../../../arm-none-eabi/lib/thumb/v7e-m+fp/hard/libc_nano.a(lib_a-sbrkr.o)
 .debug_aranges
                0x0000000000000c08       0x20 /Applications/ARM/bin/../lib/gcc/arm-none-eabi/11.2.1/../../../../arm-none-eabi/lib/thumb/v7e-m+fp/hard/libc_nano.a(lib_a-mlock.o)
 .debug_aranges
                0x0000000000000c28       0x28 /Applications/ARM/bin/../lib/gcc/arm-none-eabi/11.2.1/../../../../arm-none-eabi/lib/thumb/v7e-m+fp/hard/libc_nano.a(lib_a-reent.o)
 .debug_aranges
                0x0000000000000c50       0x20 /Applications/ARM/bin/../lib/gcc/arm-none-eabi/11.2.1/../../../../arm-none-eabi/lib/thumb/v7e-m+fp/hard/libnosys.a(sbrk.o)
 .debug_aranges
                0x0000000000000c70       0x20 /Applications/ARM/bin/../lib/gcc/arm-none-eabi/11.2.1/thumb/v7e-m+fp/hard/libgcc.a(_aeabi_uldivmod.o)
 .debug_aranges
                0x0000000000000c90       0x20 /Applications/ARM/bin/../lib/gcc/arm-none-eabi/11.2.1/thumb/v7e-m+fp/hard/libgcc.a(_udivmoddi4.o)
 .debug_aranges
                0x0000000000000cb0       0x20 /Applications/ARM/bin/../lib/gcc/arm-none-eabi/11.2.1/thumb/v7e-m+fp/hard/libgcc.a(_dvmd_tls.o)

.debug_ranges   0x0000000000000000      0xa38
 .debug_ranges  0x0000000000000000       0x48 build/main.o
 .debug_ranges  0x0000000000000048       0x10 build/gpio.o
 .debug_ranges  0x0000000000000058       0x58 build/stm32f4xx_it.o
 .debug_ranges  0x00000000000000b0       0x10 build/stm32f4xx_hal_msp.o
 .debug_ranges  0x00000000000000c0      0x128 build/stm32f4xx_hal_pcd.o
 .debug_ranges  0x00000000000001e8       0x28 build/stm32f4xx_hal_pcd_ex.o
 .debug_ranges  0x0000000000000210      0x188 build/stm32f4xx_ll_usb.o
 .debug_ranges  0x0000000000000398       0x90 build/stm32f4xx_hal_rcc.o
 .debug_ranges  0x0000000000000428       0x40 build/stm32f4xx_hal_rcc_ex.o
 .debug_ranges  0x0000000000000468       0x48 build/stm32f4xx_hal_gpio.o
 .debug_ranges  0x00000000000004b0       0xf8 build/stm32f4xx_hal_cortex.o
 .debug_ranges  0x00000000000005a8       0xe0 build/stm32f4xx_hal.o
 .debug_ranges  0x0000000000000688       0x18 build/system_stm32f4xx.o
 .debug_ranges  0x00000000000006a0       0xa8 build/usbd_core.o
 .debug_ranges  0x0000000000000748       0x78 build/usbd_ctlreq.o
 .debug_ranges  0x00000000000007c0       0x40 build/usbd_ioreq.o
 .debug_ranges  0x0000000000000800       0x88 build/usbd_midi.o
 .debug_ranges  0x0000000000000888       0x40 build/usbd_midi_if.o
 .debug_ranges  0x00000000000008c8       0x10 build/usb_device.o
 .debug_ranges  0x00000000000008d8       0xf0 build/usbd_conf.o
 .debug_ranges  0x00000000000009c8       0x50 build/usbd_desc.o
 .debug_ranges  0x0000000000000a18       0x20 build/startup_stm32f411xe.o

.debug_line     0x0000000000000000     0xa52e
 .debug_line    0x0000000000000000      0x3cc build/main.o
 .debug_line    0x00000000000003cc      0x10b build/gpio.o
 .debug_line    0x00000000000004d7      0x28c build/stm32f4xx_it.o
 .debug_line    0x0000000000000763      0x119 build/stm32f4xx_hal_msp.o
 .debug_line    0x000000000000087c     0x12f5 build/stm32f4xx_hal_pcd.o
 .debug_line    0x0000000000001b71      0x26e build/stm32f4xx_hal_pcd_ex.o
 .debug_line    0x0000000000001ddf     0x1bad build/stm32f4xx_ll_usb.o
 .debug_line    0x000000000000398c      0xac5 build/stm32f4xx_hal_rcc.o
 .debug_line    0x0000000000004451      0x60d build/stm32f4xx_hal_rcc_ex.o
 .debug_line    0x0000000000004a5e      0x64a build/stm32f4xx_hal_gpio.o
 .debug_line    0x00000000000050a8      0x735 build/stm32f4xx_hal_cortex.o
 .debug_line    0x00000000000057dd      0x523 build/stm32f4xx_hal.o
 .debug_line    0x0000000000005d00      0x20e build/system_stm32f4xx.o
 .debug_line    0x0000000000005f0e      0x6b0 build/usbd_core.o
 .debug_line    0x00000000000065be      0x9c2 build/usbd_ctlreq.o
 .debug_line    0x0000000000006f80      0x246 build/usbd_ioreq.o
 .debug_line    0x00000000000071c6      0x4e6 build/usbd_midi.o
 .debug_line    0x00000000000076ac      0x32b build/usbd_midi_if.o
 .debug_line    0x00000000000079d7      0x19c build/usb_device.o
 .debug_line    0x0000000000007b73      0x7b2 build/usbd_conf.o
 .debug_line    0x0000000000008325      0x30b build/usbd_desc.o
 .debug_line    0x0000000000008630       0x76 build/startup_stm32f411xe.o
 .debug_line    0x00000000000086a6      0x16c /Applications/ARM/bin/../lib/gcc/arm-none-eabi/11.2.1/../../../../arm-none-eabi/lib/thumb/v7e-m+fp/hard/libc_nano.a(lib_a-impure.o)
 .debug_line    0x0000000000008812      0x188 /Applications/ARM/bin/../lib/gcc/arm-none-eabi/11.2.1/../../../../arm-none-eabi/lib/thumb/v7e-m+fp/hard/libc_nano.a(lib_a-init.o)
 .debug_line    0x000000000000899a      0x213 /Applications/ARM/bin/../lib/gcc/arm-none-eabi/11.2.1/../../../../arm-none-eabi/lib/thumb/v7e-m+fp/hard/libc_nano.a(lib_a-malloc.o)
 .debug_line    0x0000000000008bad      0x1a2 /Applications/ARM/bin/../lib/gcc/arm-none-eabi/11.2.1/../../../../arm-none-eabi/lib/thumb/v7e-m+fp/hard/libc_nano.a(lib_a-memcpy-stub.o)
 .debug_line    0x0000000000008d4f      0x187 /Applications/ARM/bin/../lib/gcc/arm-none-eabi/11.2.1/../../../../arm-none-eabi/lib/thumb/v7e-m+fp/hard/libc_nano.a(lib_a-memset.o)
 .debug_line    0x0000000000008ed6      0x327 /Applications/ARM/bin/../lib/gcc/arm-none-eabi/11.2.1/../../../../arm-none-eabi/lib/thumb/v7e-m+fp/hard/libc_nano.a(lib_a-nano-freer.o)
 .debug_line    0x00000000000091fd      0x4b7 /Applications/ARM/bin/../lib/gcc/arm-none-eabi/11.2.1/../../../../arm-none-eabi/lib/thumb/v7e-m+fp/hard/libc_nano.a(lib_a-nano-mallocr.o)
 .debug_line    0x00000000000096b4      0x22d /Applications/ARM/bin/../lib/gcc/arm-none-eabi/11.2.1/../../../../arm-none-eabi/lib/thumb/v7e-m+fp/hard/libc_nano.a(lib_a-sbrkr.o)
 .debug_line    0x00000000000098e1      0x1eb /Applications/ARM/bin/../lib/gcc/arm-none-eabi/11.2.1/../../../../arm-none-eabi/lib/thumb/v7e-m+fp/hard/libc_nano.a(lib_a-mlock.o)
 .debug_line    0x0000000000009acc      0x332 /Applications/ARM/bin/../lib/gcc/arm-none-eabi/11.2.1/../../../../arm-none-eabi/lib/thumb/v7e-m+fp/hard/libc_nano.a(lib_a-reent.o)
 .debug_line    0x0000000000009dfe       0xab /Applications/ARM/bin/../lib/gcc/arm-none-eabi/11.2.1/../../../../arm-none-eabi/lib/thumb/v7e-m+fp/hard/libnosys.a(sbrk.o)
 .debug_line    0x0000000000009ea9       0x4e /Applications/ARM/bin/../lib/gcc/arm-none-eabi/11.2.1/thumb/v7e-m+fp/hard/libgcc.a(_aeabi_uldivmod.o)
 .debug_line    0x0000000000009ef7      0x5ed /Applications/ARM/bin/../lib/gcc/arm-none-eabi/11.2.1/thumb/v7e-m+fp/hard/libgcc.a(_udivmoddi4.o)
 .debug_line    0x000000000000a4e4       0x4a /Applications/ARM/bin/../lib/gcc/arm-none-eabi/11.2.1/thumb/v7e-m+fp/hard/libgcc.a(_dvmd_tls.o)

.debug_str      0x0000000000000000     0x4850
 .debug_str     0x0000000000000000      0x5c3 build/main.o
                                        0x637 (size before relaxing)
 .debug_str     0x00000000000005c3       0x10 build/gpio.o
                                        0x2b6 (size before relaxing)
 .debug_str     0x00000000000005d3      0x446 build/stm32f4xx_it.o
                                        0x612 (size before relaxing)
 .debug_str     0x0000000000000a19       0x29 build/stm32f4xx_hal_msp.o
                                        0x2c2 (size before relaxing)
 .debug_str     0x0000000000000a42      0x7fb build/stm32f4xx_hal_pcd.o
                                        0xd77 (size before relaxing)
 .debug_str     0x000000000000123d      0x13a build/stm32f4xx_hal_pcd_ex.o
                                        0x6f3 (size before relaxing)
 .debug_str     0x0000000000001377      0x44a build/stm32f4xx_ll_usb.o
                                        0xc69 (size before relaxing)
 .debug_str     0x00000000000017c1      0x22b build/stm32f4xx_hal_rcc.o
                                        0x70d (size before relaxing)
 .debug_str     0x00000000000019ec      0x1a7 build/stm32f4xx_hal_rcc_ex.o
                                        0x504 (size before relaxing)
 .debug_str     0x0000000000001b93       0xd9 build/stm32f4xx_hal_gpio.o
                                        0x4e7 (size before relaxing)
 .debug_str     0x0000000000001c6c      0x896 build/stm32f4xx_hal_cortex.o
                                        0xac9 (size before relaxing)
 .debug_str     0x0000000000002502      0x295 build/stm32f4xx_hal.o
                                        0xa13 (size before relaxing)
 .debug_str     0x0000000000002797       0x47 build/system_stm32f4xx.o
                                        0x37c (size before relaxing)
 .debug_str     0x00000000000027de      0x5f7 build/usbd_core.o
                                        0x83d (size before relaxing)
 .debug_str     0x0000000000002dd5      0x133 build/usbd_ctlreq.o
                                        0x757 (size before relaxing)
 .debug_str     0x0000000000002f08       0x87 build/usbd_ioreq.o
                                        0x684 (size before relaxing)
 .debug_str     0x0000000000002f8f      0x259 build/usbd_midi.o
                                        0x85e (size before relaxing)
 .debug_str     0x00000000000031e8       0xab build/usbd_midi_if.o
                                        0x71d (size before relaxing)
 .debug_str     0x0000000000003293       0x1e build/usb_device.o
                                        0x63b (size before relaxing)
 .debug_str     0x00000000000032b1       0x67 build/usbd_conf.o
                                       0x13c9 (size before relaxing)
 .debug_str     0x0000000000003318      0x167 build/usbd_desc.o
                                        0x44d (size before relaxing)
 .debug_str     0x000000000000347f       0x22 build/startup_stm32f411xe.o
                                         0x67 (size before relaxing)
 .debug_str     0x00000000000034a1      0x4f0 /Applications/ARM/bin/../lib/gcc/arm-none-eabi/11.2.1/../../../../arm-none-eabi/lib/thumb/v7e-m+fp/hard/libc_nano.a(lib_a-impure.o)
                                        0x5d3 (size before relaxing)
 .debug_str     0x0000000000003991      0x151 /Applications/ARM/bin/../lib/gcc/arm-none-eabi/11.2.1/../../../../arm-none-eabi/lib/thumb/v7e-m+fp/hard/libc_nano.a(lib_a-init.o)
                                        0x280 (size before relaxing)
 .debug_str     0x0000000000003ae2      0x10f /Applications/ARM/bin/../lib/gcc/arm-none-eabi/11.2.1/../../../../arm-none-eabi/lib/thumb/v7e-m+fp/hard/libc_nano.a(lib_a-malloc.o)
                                        0x5a8 (size before relaxing)
 .debug_str     0x0000000000003bf1      0x114 /Applications/ARM/bin/../lib/gcc/arm-none-eabi/11.2.1/../../../../arm-none-eabi/lib/thumb/v7e-m+fp/hard/libc_nano.a(lib_a-memcpy-stub.o)
                                        0x244 (size before relaxing)
 .debug_str     0x0000000000003d05       0xf1 /Applications/ARM/bin/../lib/gcc/arm-none-eabi/11.2.1/../../../../arm-none-eabi/lib/thumb/v7e-m+fp/hard/libc_nano.a(lib_a-memset.o)
                                        0x221 (size before relaxing)
 .debug_str     0x0000000000003df6       0xe3 /Applications/ARM/bin/../lib/gcc/arm-none-eabi/11.2.1/../../../../arm-none-eabi/lib/thumb/v7e-m+fp/hard/libc_nano.a(lib_a-nano-freer.o)
                                        0x60a (size before relaxing)
 .debug_str     0x0000000000003ed9       0x67 /Applications/ARM/bin/../lib/gcc/arm-none-eabi/11.2.1/../../../../arm-none-eabi/lib/thumb/v7e-m+fp/hard/libc_nano.a(lib_a-nano-mallocr.o)
                                        0x669 (size before relaxing)
 .debug_str     0x0000000000003f40       0x6c /Applications/ARM/bin/../lib/gcc/arm-none-eabi/11.2.1/../../../../arm-none-eabi/lib/thumb/v7e-m+fp/hard/libc_nano.a(lib_a-sbrkr.o)
                                        0x58b (size before relaxing)
 .debug_str     0x0000000000003fac       0x7b /Applications/ARM/bin/../lib/gcc/arm-none-eabi/11.2.1/../../../../arm-none-eabi/lib/thumb/v7e-m+fp/hard/libc_nano.a(lib_a-mlock.o)
                                        0x5a1 (size before relaxing)
 .debug_str     0x0000000000004027       0x8d /Applications/ARM/bin/../lib/gcc/arm-none-eabi/11.2.1/../../../../arm-none-eabi/lib/thumb/v7e-m+fp/hard/libc_nano.a(lib_a-reent.o)
                                        0x5b3 (size before relaxing)
 .debug_str     0x00000000000040b4      0x170 /Applications/ARM/bin/../lib/gcc/arm-none-eabi/11.2.1/../../../../arm-none-eabi/lib/thumb/v7e-m+fp/hard/libnosys.a(sbrk.o)
                                        0x189 (size before relaxing)
 .debug_str     0x0000000000004224       0x83 /Applications/ARM/bin/../lib/gcc/arm-none-eabi/11.2.1/thumb/v7e-m+fp/hard/libgcc.a(_aeabi_uldivmod.o)
                                         0x8f (size before relaxing)
 .debug_str     0x00000000000042a7      0x59d /Applications/ARM/bin/../lib/gcc/arm-none-eabi/11.2.1/thumb/v7e-m+fp/hard/libgcc.a(_udivmoddi4.o)
                                        0x6ad (size before relaxing)
 .debug_str     0x0000000000004844        0xc /Applications/ARM/bin/../lib/gcc/arm-none-eabi/11.2.1/thumb/v7e-m+fp/hard/libgcc.a(_dvmd_tls.o)
                                         0x93 (size before relaxing)

.debug_frame    0x0000000000000000     0x1c2c
 .debug_frame   0x0000000000000000       0x98 build/main.o
 .debug_frame   0x0000000000000098       0x28 build/gpio.o
 .debug_frame   0x00000000000000c0       0xc0 build/stm32f4xx_it.o
 .debug_frame   0x0000000000000180       0x28 build/stm32f4xx_hal_msp.o
 .debug_frame   0x00000000000001a8      0x358 build/stm32f4xx_hal_pcd.o
 .debug_frame   0x0000000000000500       0x5c build/stm32f4xx_hal_pcd_ex.o
 .debug_frame   0x000000000000055c      0x460 build/stm32f4xx_ll_usb.o
 .debug_frame   0x00000000000009bc      0x16c build/stm32f4xx_hal_rcc.o
 .debug_frame   0x0000000000000b28       0xb0 build/stm32f4xx_hal_rcc_ex.o
 .debug_frame   0x0000000000000bd8       0xd8 build/stm32f4xx_hal_gpio.o
 .debug_frame   0x0000000000000cb0      0x148 build/stm32f4xx_hal_cortex.o
 .debug_frame   0x0000000000000df8      0x1ec build/stm32f4xx_hal.o
 .debug_frame   0x0000000000000fe4       0x30 build/system_stm32f4xx.o
 .debug_frame   0x0000000000001014      0x1c4 build/usbd_core.o
 .debug_frame   0x00000000000011d8      0x178 build/usbd_ctlreq.o
 .debug_frame   0x0000000000001350       0xb8 build/usbd_ioreq.o
 .debug_frame   0x0000000000001408      0x14c build/usbd_midi.o
 .debug_frame   0x0000000000001554       0xac build/usbd_midi_if.o
 .debug_frame   0x0000000000001600       0x28 build/usb_device.o
 .debug_frame   0x0000000000001628      0x2c4 build/usbd_conf.o
 .debug_frame   0x00000000000018ec       0xe0 build/usbd_desc.o
 .debug_frame   0x00000000000019cc       0x2c /Applications/ARM/bin/../lib/gcc/arm-none-eabi/11.2.1/../../../../arm-none-eabi/lib/thumb/v7e-m+fp/hard/libc_nano.a(lib_a-init.o)
 .debug_frame   0x00000000000019f8       0x30 /Applications/ARM/bin/../lib/gcc/arm-none-eabi/11.2.1/../../../../arm-none-eabi/lib/thumb/v7e-m+fp/hard/libc_nano.a(lib_a-malloc.o)
 .debug_frame   0x0000000000001a28       0x28 /Applications/ARM/bin/../lib/gcc/arm-none-eabi/11.2.1/../../../../arm-none-eabi/lib/thumb/v7e-m+fp/hard/libc_nano.a(lib_a-memcpy-stub.o)
 .debug_frame   0x0000000000001a50       0x20 /Applications/ARM/bin/../lib/gcc/arm-none-eabi/11.2.1/../../../../arm-none-eabi/lib/thumb/v7e-m+fp/hard/libc_nano.a(lib_a-memset.o)
 .debug_frame   0x0000000000001a70       0x38 /Applications/ARM/bin/../lib/gcc/arm-none-eabi/11.2.1/../../../../arm-none-eabi/lib/thumb/v7e-m+fp/hard/libc_nano.a(lib_a-nano-freer.o)
 .debug_frame   0x0000000000001aa8       0x4c /Applications/ARM/bin/../lib/gcc/arm-none-eabi/11.2.1/../../../../arm-none-eabi/lib/thumb/v7e-m+fp/hard/libc_nano.a(lib_a-nano-mallocr.o)
 .debug_frame   0x0000000000001af4       0x2c /Applications/ARM/bin/../lib/gcc/arm-none-eabi/11.2.1/../../../../arm-none-eabi/lib/thumb/v7e-m+fp/hard/libc_nano.a(lib_a-sbrkr.o)
 .debug_frame   0x0000000000001b20       0x30 /Applications/ARM/bin/../lib/gcc/arm-none-eabi/11.2.1/../../../../arm-none-eabi/lib/thumb/v7e-m+fp/hard/libc_nano.a(lib_a-mlock.o)
 .debug_frame   0x0000000000001b50       0x5c /Applications/ARM/bin/../lib/gcc/arm-none-eabi/11.2.1/../../../../arm-none-eabi/lib/thumb/v7e-m+fp/hard/libc_nano.a(lib_a-reent.o)
 .debug_frame   0x0000000000001bac       0x20 /Applications/ARM/bin/../lib/gcc/arm-none-eabi/11.2.1/../../../../arm-none-eabi/lib/thumb/v7e-m+fp/hard/libnosys.a(sbrk.o)
 .debug_frame   0x0000000000001bcc       0x2c /Applications/ARM/bin/../lib/gcc/arm-none-eabi/11.2.1/thumb/v7e-m+fp/hard/libgcc.a(_aeabi_uldivmod.o)
 .debug_frame   0x0000000000001bf8       0x34 /Applications/ARM/bin/../lib/gcc/arm-none-eabi/11.2.1/thumb/v7e-m+fp/hard/libgcc.a(_udivmoddi4.o)

.debug_loclists
                0x0000000000000000     0x10e4
 .debug_loclists
                0x0000000000000000       0x44 /Applications/ARM/bin/../lib/gcc/arm-none-eabi/11.2.1/../../../../arm-none-eabi/lib/thumb/v7e-m+fp/hard/libc_nano.a(lib_a-init.o)
 .debug_loclists
                0x0000000000000044       0x48 /Applications/ARM/bin/../lib/gcc/arm-none-eabi/11.2.1/../../../../arm-none-eabi/lib/thumb/v7e-m+fp/hard/libc_nano.a(lib_a-malloc.o)
 .debug_loclists
                0x000000000000008c       0x8f /Applications/ARM/bin/../lib/gcc/arm-none-eabi/11.2.1/../../../../arm-none-eabi/lib/thumb/v7e-m+fp/hard/libc_nano.a(lib_a-memcpy-stub.o)
 .debug_loclists
                0x000000000000011b       0x47 /Applications/ARM/bin/../lib/gcc/arm-none-eabi/11.2.1/../../../../arm-none-eabi/lib/thumb/v7e-m+fp/hard/libc_nano.a(lib_a-memset.o)
 .debug_loclists
                0x0000000000000162       0xd4 /Applications/ARM/bin/../lib/gcc/arm-none-eabi/11.2.1/../../../../arm-none-eabi/lib/thumb/v7e-m+fp/hard/libc_nano.a(lib_a-nano-freer.o)
 .debug_loclists
                0x0000000000000236      0x254 /Applications/ARM/bin/../lib/gcc/arm-none-eabi/11.2.1/../../../../arm-none-eabi/lib/thumb/v7e-m+fp/hard/libc_nano.a(lib_a-nano-mallocr.o)
 .debug_loclists
                0x000000000000048a       0x4c /Applications/ARM/bin/../lib/gcc/arm-none-eabi/11.2.1/../../../../arm-none-eabi/lib/thumb/v7e-m+fp/hard/libc_nano.a(lib_a-sbrkr.o)
 .debug_loclists
                0x00000000000004d6       0xcd /Applications/ARM/bin/../lib/gcc/arm-none-eabi/11.2.1/../../../../arm-none-eabi/lib/thumb/v7e-m+fp/hard/libc_nano.a(lib_a-reent.o)
 .debug_loclists
                0x00000000000005a3       0x32 /Applications/ARM/bin/../lib/gcc/arm-none-eabi/11.2.1/../../../../arm-none-eabi/lib/thumb/v7e-m+fp/hard/libnosys.a(sbrk.o)
 .debug_loclists
                0x00000000000005d5      0xb0f /Applications/ARM/bin/../lib/gcc/arm-none-eabi/11.2.1/thumb/v7e-m+fp/hard/libgcc.a(_udivmoddi4.o)

.debug_rnglists
                0x0000000000000000      0x18f
 .debug_rnglists
                0x0000000000000000       0x13 /Applications/ARM/bin/../lib/gcc/arm-none-eabi/11.2.1/../../../../arm-none-eabi/lib/thumb/v7e-m+fp/hard/libc_nano.a(lib_a-init.o)
 .debug_rnglists
                0x0000000000000013       0x19 /Applications/ARM/bin/../lib/gcc/arm-none-eabi/11.2.1/../../../../arm-none-eabi/lib/thumb/v7e-m+fp/hard/libc_nano.a(lib_a-malloc.o)
 .debug_rnglists
                0x000000000000002c       0x13 /Applications/ARM/bin/../lib/gcc/arm-none-eabi/11.2.1/../../../../arm-none-eabi/lib/thumb/v7e-m+fp/hard/libc_nano.a(lib_a-memcpy-stub.o)
 .debug_rnglists
                0x000000000000003f       0x13 /Applications/ARM/bin/../lib/gcc/arm-none-eabi/11.2.1/../../../../arm-none-eabi/lib/thumb/v7e-m+fp/hard/libc_nano.a(lib_a-memset.o)
 .debug_rnglists
                0x0000000000000052       0x20 /Applications/ARM/bin/../lib/gcc/arm-none-eabi/11.2.1/../../../../arm-none-eabi/lib/thumb/v7e-m+fp/hard/libc_nano.a(lib_a-nano-freer.o)
 .debug_rnglists
                0x0000000000000072       0x26 /Applications/ARM/bin/../lib/gcc/arm-none-eabi/11.2.1/../../../../arm-none-eabi/lib/thumb/v7e-m+fp/hard/libc_nano.a(lib_a-nano-mallocr.o)
 .debug_rnglists
                0x0000000000000098       0x13 /Applications/ARM/bin/../lib/gcc/arm-none-eabi/11.2.1/../../../../arm-none-eabi/lib/thumb/v7e-m+fp/hard/libc_nano.a(lib_a-sbrkr.o)
 .debug_rnglists
                0x00000000000000ab       0x13 /Applications/ARM/bin/../lib/gcc/arm-none-eabi/11.2.1/../../../../arm-none-eabi/lib/thumb/v7e-m+fp/hard/libc_nano.a(lib_a-mlock.o)
 .debug_rnglists
                0x00000000000000be       0x2c /Applications/ARM/bin/../lib/gcc/arm-none-eabi/11.2.1/../../../../arm-none-eabi/lib/thumb/v7e-m+fp/hard/libc_nano.a(lib_a-reent.o)
 .debug_rnglists
                0x00000000000000ea       0x13 /Applications/ARM/bin/../lib/gcc/arm-none-eabi/11.2.1/../../../../arm-none-eabi/lib/thumb/v7e-m+fp/hard/libnosys.a(sbrk.o)
 .debug_rnglists
                0x00000000000000fd       0x92 /Applications/ARM/bin/../lib/gcc/arm-none-eabi/11.2.1/thumb/v7e-m+fp/hard/libgcc.a(_udivmoddi4.o)

.debug_line_str
                0x0000000000000000       0x63
 .debug_line_str
                0x0000000000000000       0x57 /Applications/ARM/bin/../lib/gcc/arm-none-eabi/11.2.1/thumb/v7e-m+fp/hard/libgcc.a(_aeabi_uldivmod.o)
                                         0xae (size before relaxing)
 .debug_line_str
                0x0000000000000057        0xc /Applications/ARM/bin/../lib/gcc/arm-none-eabi/11.2.1/thumb/v7e-m+fp/hard/libgcc.a(_dvmd_tls.o)
                                         0xb6 (size before relaxing)

Cross Reference Table

Symbol                                            File
ADC_IRQHandler                                    build/startup_stm32f411xe.o
AHBPrescTable                                     build/system_stm32f4xx.o
                                                  build/stm32f4xx_hal_rcc.o
APBPrescTable                                     build/system_stm32f4xx.o
                                                  build/stm32f4xx_hal_rcc.o
BusFault_Handler                                  build/stm32f4xx_it.o
DMA1_Stream0_IRQHandler                           build/startup_stm32f411xe.o
DMA1_Stream1_IRQHandler                           build/startup_stm32f411xe.o
DMA1_Stream2_IRQHandler                           build/startup_stm32f411xe.o
DMA1_Stream3_IRQHandler                           build/startup_stm32f411xe.o
DMA1_Stream4_IRQHandler                           build/startup_stm32f411xe.o
DMA1_Stream5_IRQHandler                           build/startup_stm32f411xe.o
DMA1_Stream6_IRQHandler                           build/startup_stm32f411xe.o
DMA1_Stream7_IRQHandler                           build/startup_stm32f411xe.o
DMA2_Stream0_IRQHandler                           build/startup_stm32f411xe.o
DMA2_Stream1_IRQHandler                           build/startup_stm32f411xe.o
DMA2_Stream2_IRQHandler                           build/startup_stm32f411xe.o
DMA2_Stream3_IRQHandler                           build/startup_stm32f411xe.o
DMA2_Stream4_IRQHandler                           build/startup_stm32f411xe.o
DMA2_Stream5_IRQHandler                           build/startup_stm32f411xe.o
DMA2_Stream6_IRQHandler                           build/startup_stm32f411xe.o
DMA2_Stream7_IRQHandler                           build/startup_stm32f411xe.o
DebugMon_Handler                                  build/stm32f4xx_it.o
Default_Handler                                   build/startup_stm32f411xe.o
EXTI0_IRQHandler                                  build/startup_stm32f411xe.o
EXTI15_10_IRQHandler                              build/startup_stm32f411xe.o
EXTI1_IRQHandler                                  build/startup_stm32f411xe.o
EXTI2_IRQHandler                                  build/startup_stm32f411xe.o
EXTI3_IRQHandler                                  build/startup_stm32f411xe.o
EXTI4_IRQHandler                                  build/startup_stm32f411xe.o
EXTI9_5_IRQHandler                                build/startup_stm32f411xe.o
Error_Handler                                     build/main.o
                                                  build/usbd_conf.o
FLASH_Erase_Sector                                build/stm32f4xx_hal_flash_ex.o
                                                  build/stm32f4xx_hal_flash.o
FLASH_FlushCaches                                 build/stm32f4xx_hal_flash_ex.o
                                                  build/stm32f4xx_hal_flash.o
FLASH_IRQHandler                                  build/startup_stm32f411xe.o
FLASH_WaitForLastOperation                        build/stm32f4xx_hal_flash.o
                                                  build/stm32f4xx_hal_flash_ex.o
FPU_IRQHandler                                    build/startup_stm32f411xe.o
FS_Desc                                           build/usbd_desc.o